Archive member included to satisfy reference by file (symbol)

D:/Programs/STM32CubeIDE_1.13.1/STM32CubeIDE/plugins/com.st.stm32cube.ide.mcu.externaltools.gnu-tools-for-stm32.12.3.rel1.win32_1.0.100.202403111256/tools/bin/../lib/gcc/arm-none-eabi/12.3.1/../../../../arm-none-eabi/lib/thumb/v7-m/nofp\libc_nano.a(libc_a-exit.o)
                              D:/Programs/STM32CubeIDE_1.13.1/STM32CubeIDE/plugins/com.st.stm32cube.ide.mcu.externaltools.gnu-tools-for-stm32.12.3.rel1.win32_1.0.100.202403111256/tools/bin/../lib/gcc/arm-none-eabi/12.3.1/../../../../arm-none-eabi/lib/thumb/v7-m/nofp/crt0.o (exit)
D:/Programs/STM32CubeIDE_1.13.1/STM32CubeIDE/plugins/com.st.stm32cube.ide.mcu.externaltools.gnu-tools-for-stm32.12.3.rel1.win32_1.0.100.202403111256/tools/bin/../lib/gcc/arm-none-eabi/12.3.1/../../../../arm-none-eabi/lib/thumb/v7-m/nofp\libc_nano.a(libc_a-findfp.o)
                              D:/Programs/STM32CubeIDE_1.13.1/STM32CubeIDE/plugins/com.st.stm32cube.ide.mcu.externaltools.gnu-tools-for-stm32.12.3.rel1.win32_1.0.100.202403111256/tools/bin/../lib/gcc/arm-none-eabi/12.3.1/../../../../arm-none-eabi/lib/thumb/v7-m/nofp\libc_nano.a(libc_a-exit.o) (__stdio_exit_handler)
D:/Programs/STM32CubeIDE_1.13.1/STM32CubeIDE/plugins/com.st.stm32cube.ide.mcu.externaltools.gnu-tools-for-stm32.12.3.rel1.win32_1.0.100.202403111256/tools/bin/../lib/gcc/arm-none-eabi/12.3.1/../../../../arm-none-eabi/lib/thumb/v7-m/nofp\libc_nano.a(libc_a-fwalk.o)
                              D:/Programs/STM32CubeIDE_1.13.1/STM32CubeIDE/plugins/com.st.stm32cube.ide.mcu.externaltools.gnu-tools-for-stm32.12.3.rel1.win32_1.0.100.202403111256/tools/bin/../lib/gcc/arm-none-eabi/12.3.1/../../../../arm-none-eabi/lib/thumb/v7-m/nofp\libc_nano.a(libc_a-findfp.o) (_fwalk_sglue)
D:/Programs/STM32CubeIDE_1.13.1/STM32CubeIDE/plugins/com.st.stm32cube.ide.mcu.externaltools.gnu-tools-for-stm32.12.3.rel1.win32_1.0.100.202403111256/tools/bin/../lib/gcc/arm-none-eabi/12.3.1/../../../../arm-none-eabi/lib/thumb/v7-m/nofp\libc_nano.a(libc_a-stdio.o)
                              D:/Programs/STM32CubeIDE_1.13.1/STM32CubeIDE/plugins/com.st.stm32cube.ide.mcu.externaltools.gnu-tools-for-stm32.12.3.rel1.win32_1.0.100.202403111256/tools/bin/../lib/gcc/arm-none-eabi/12.3.1/../../../../arm-none-eabi/lib/thumb/v7-m/nofp\libc_nano.a(libc_a-findfp.o) (__sread)
D:/Programs/STM32CubeIDE_1.13.1/STM32CubeIDE/plugins/com.st.stm32cube.ide.mcu.externaltools.gnu-tools-for-stm32.12.3.rel1.win32_1.0.100.202403111256/tools/bin/../lib/gcc/arm-none-eabi/12.3.1/../../../../arm-none-eabi/lib/thumb/v7-m/nofp\libc_nano.a(libc_a-memset.o)
                              D:/Programs/STM32CubeIDE_1.13.1/STM32CubeIDE/plugins/com.st.stm32cube.ide.mcu.externaltools.gnu-tools-for-stm32.12.3.rel1.win32_1.0.100.202403111256/tools/bin/../lib/gcc/arm-none-eabi/12.3.1/../../../../arm-none-eabi/lib/thumb/v7-m/nofp/crt0.o (memset)
D:/Programs/STM32CubeIDE_1.13.1/STM32CubeIDE/plugins/com.st.stm32cube.ide.mcu.externaltools.gnu-tools-for-stm32.12.3.rel1.win32_1.0.100.202403111256/tools/bin/../lib/gcc/arm-none-eabi/12.3.1/../../../../arm-none-eabi/lib/thumb/v7-m/nofp\libc_nano.a(libc_a-closer.o)
                              D:/Programs/STM32CubeIDE_1.13.1/STM32CubeIDE/plugins/com.st.stm32cube.ide.mcu.externaltools.gnu-tools-for-stm32.12.3.rel1.win32_1.0.100.202403111256/tools/bin/../lib/gcc/arm-none-eabi/12.3.1/../../../../arm-none-eabi/lib/thumb/v7-m/nofp\libc_nano.a(libc_a-stdio.o) (_close_r)
D:/Programs/STM32CubeIDE_1.13.1/STM32CubeIDE/plugins/com.st.stm32cube.ide.mcu.externaltools.gnu-tools-for-stm32.12.3.rel1.win32_1.0.100.202403111256/tools/bin/../lib/gcc/arm-none-eabi/12.3.1/../../../../arm-none-eabi/lib/thumb/v7-m/nofp\libc_nano.a(libc_a-reent.o)
                              D:/Programs/STM32CubeIDE_1.13.1/STM32CubeIDE/plugins/com.st.stm32cube.ide.mcu.externaltools.gnu-tools-for-stm32.12.3.rel1.win32_1.0.100.202403111256/tools/bin/../lib/gcc/arm-none-eabi/12.3.1/../../../../arm-none-eabi/lib/thumb/v7-m/nofp\libc_nano.a(libc_a-closer.o) (errno)
D:/Programs/STM32CubeIDE_1.13.1/STM32CubeIDE/plugins/com.st.stm32cube.ide.mcu.externaltools.gnu-tools-for-stm32.12.3.rel1.win32_1.0.100.202403111256/tools/bin/../lib/gcc/arm-none-eabi/12.3.1/../../../../arm-none-eabi/lib/thumb/v7-m/nofp\libc_nano.a(libc_a-impure.o)
                              D:/Programs/STM32CubeIDE_1.13.1/STM32CubeIDE/plugins/com.st.stm32cube.ide.mcu.externaltools.gnu-tools-for-stm32.12.3.rel1.win32_1.0.100.202403111256/tools/bin/../lib/gcc/arm-none-eabi/12.3.1/../../../../arm-none-eabi/lib/thumb/v7-m/nofp\libc_nano.a(libc_a-reent.o) (_impure_ptr)
D:/Programs/STM32CubeIDE_1.13.1/STM32CubeIDE/plugins/com.st.stm32cube.ide.mcu.externaltools.gnu-tools-for-stm32.12.3.rel1.win32_1.0.100.202403111256/tools/bin/../lib/gcc/arm-none-eabi/12.3.1/../../../../arm-none-eabi/lib/thumb/v7-m/nofp\libc_nano.a(libc_a-lseekr.o)
[...]
Memory Configuration

Name             Origin             Length             Attributes
RAM              0x20000000         0x00005000         xrw
FLASH            0x08000000         0x00010000         xr
*default*        0x00000000         0xffffffff

Linker script and memory map

LOAD D:/Programs/STM32CubeIDE_1.13.1/STM32CubeIDE/plugins/com.st.stm32cube.ide.mcu.externaltools.gnu-tools-for-stm32.12.3.rel1.win32_1.0.100.202403111256/tools/bin/../lib/gcc/arm-none-eabi/12.3.1/thumb/v7-m/nofp/crti.o
LOAD D:/Programs/STM32CubeIDE_1.13.1/STM32CubeIDE/plugins/com.st.stm32cube.ide.mcu.externaltools.gnu-tools-for-stm32.12.3.rel1.win32_1.0.100.202403111256/tools/bin/../lib/gcc/arm-none-eabi/12.3.1/thumb/v7-m/nofp/crtbegin.o
LOAD D:/Programs/STM32CubeIDE_1.13.1/STM32CubeIDE/plugins/com.st.stm32cube.ide.mcu.externaltools.gnu-tools-for-stm32.12.3.rel1.win32_1.0.100.202403111256/tools/bin/../lib/gcc/arm-none-eabi/12.3.1/../../../../arm-none-eabi/lib/thumb/v7-m/nofp/crt0.o
LOAD ./Core/Src/main.o
LOAD ./Core/Src/stm32f1xx_hal_msp.o
LOAD ./Core/Src/stm32f1xx_it.o
LOAD ./Core/Src/syscalls.o
LOAD ./Core/Src/sysmem.o
LOAD ./Core/Src/system_stm32f1xx.o
LOAD ./Core/Startup/startup_stm32f103c8tx.o
LOAD ./Drivers/STM32F1xx_HAL_Driver/Src/stm32f1xx_hal.o
LOAD ./Drivers/STM32F1xx_HAL_Driver/Src/stm32f1xx_hal_adc.o
LOAD ./Drivers/STM32F1xx_HAL_Driver/Src/stm32f1xx_hal_adc_ex.o
LOAD ./Drivers/STM32F1xx_HAL_Driver/Src/stm32f1xx_hal_cortex.o
LOAD ./Drivers/STM32F1xx_HAL_Driver/Src/stm32f1xx_hal_dma.o
LOAD ./Drivers/STM32F1xx_HAL_Driver/Src/stm32f1xx_hal_exti.o
LOAD ./Drivers/STM32F1xx_HAL_Driver/Src/stm32f1xx_hal_flash.o
LOAD ./Drivers/STM32F1xx_HAL_Driver/Src/stm32f1xx_hal_flash_ex.o
LOAD ./Drivers/STM32F1xx_HAL_Driver/Src/stm32f1xx_hal_gpio.o
LOAD ./Drivers/STM32F1xx_HAL_Driver/Src/stm32f1xx_hal_gpio_ex.o
LOAD ./Drivers/STM32F1xx_HAL_Driver/Src/stm32f1xx_hal_i2c.o
LOAD ./Drivers/STM32F1xx_HAL_Driver/Src/stm32f1xx_hal_pcd.o
LOAD ./Drivers/STM32F1xx_HAL_Driver/Src/stm32f1xx_hal_pcd_ex.o
LOAD ./Drivers/STM32F1xx_HAL_Driver/Src/stm32f1xx_hal_pwr.o
LOAD ./Drivers/STM32F1xx_HAL_Driver/Src/stm32f1xx_hal_rcc.o
LOAD ./Drivers/STM32F1xx_HAL_Driver/Src/stm32f1xx_hal_rcc_ex.o
LOAD ./Drivers/STM32F1xx_HAL_Driver/Src/stm32f1xx_hal_tim.o
LOAD ./Drivers/STM32F1xx_HAL_Driver/Src/stm32f1xx_hal_tim_ex.o
LOAD ./Drivers/STM32F1xx_HAL_Driver/Src/stm32f1xx_hal_uart.o
LOAD ./Drivers/STM32F1xx_HAL_Driver/Src/stm32f1xx_ll_usb.o
LOAD ./Middlewares/ST/STM32_USB_Device_Library/Class/CDC/Src/usbd_cdc.o
LOAD ./Middlewares/ST/STM32_USB_Device_Library/Core/Src/usbd_core.o
LOAD ./Middlewares/ST/STM32_USB_Device_Library/Core/Src/usbd_ctlreq.o
LOAD ./Middlewares/ST/STM32_USB_Device_Library/Core/Src/usbd_ioreq.o
LOAD ./USB_DEVICE/App/usb_device.o
LOAD ./USB_DEVICE/App/usbd_cdc_if.o
LOAD ./USB_DEVICE/App/usbd_desc.o
LOAD ./USB_DEVICE/Target/usbd_conf.o
START GROUP
LOAD D:/Programs/STM32CubeIDE_1.13.1/STM32CubeIDE/plugins/com.st.stm32cube.ide.mcu.externaltools.gnu-tools-for-stm32.12.3.rel1.win32_1.0.100.202403111256/tools/bin/../lib/gcc/arm-none-eabi/12.3.1/../../../../arm-none-eabi/lib/thumb/v7-m/nofp\libc_nano.a
LOAD D:/Programs/STM32CubeIDE_1.13.1/STM32CubeIDE/plugins/com.st.stm32cube.ide.mcu.externaltools.gnu-tools-for-stm32.12.3.rel1.win32_1.0.100.202403111256/tools/bin/../lib/gcc/arm-none-eabi/12.3.1/../../../../arm-none-eabi/lib/thumb/v7-m/nofp\libm.a
END GROUP
START GROUP
LOAD D:/Programs/STM32CubeIDE_1.13.1/STM32CubeIDE/plugins/com.st.stm32cube.ide.mcu.externaltools.gnu-tools-for-stm32.12.3.rel1.win32_1.0.100.202403111256/tools/bin/../lib/gcc/arm-none-eabi/12.3.1/thumb/v7-m/nofp\libgcc.a
LOAD D:/Programs/STM32CubeIDE_1.13.1/STM32CubeIDE/plugins/com.st.stm32cube.ide.mcu.externaltools.gnu-tools-for-stm32.12.3.rel1.win32_1.0.100.202403111256/tools/bin/../lib/gcc/arm-none-eabi/12.3.1/../../../../arm-none-eabi/lib/thumb/v7-m/nofp\libc_nano.a
END GROUP
START GROUP
LOAD D:/Programs/STM32CubeIDE_1.13.1/STM32CubeIDE/plugins/com.st.stm32cube.ide.mcu.externaltools.gnu-tools-for-stm32.12.3.rel1.win32_1.0.100.202403111256/tools/bin/../lib/gcc/arm-none-eabi/12.3.1/thumb/v7-m/nofp\libgcc.a
LOAD D:/Programs/STM32CubeIDE_1.13.1/STM32CubeIDE/plugins/com.st.stm32cube.ide.mcu.externaltools.gnu-tools-for-stm32.12.3.rel1.win32_1.0.100.202403111256/tools/bin/../lib/gcc/arm-none-eabi/12.3.1/../../../../arm-none-eabi/lib/thumb/v7-m/nofp\libc_nano.a
LOAD D:/Programs/STM32CubeIDE_1.13.1/STM32CubeIDE/plugins/com.st.stm32cube.ide.mcu.externaltools.gnu-tools-for-stm32.12.3.rel1.win32_1.0.100.202403111256/tools/bin/../lib/gcc/arm-none-eabi/12.3.1/../../../../arm-none-eabi/lib/thumb/v7-m/nofp\libnosys.a
END GROUP
START GROUP
LOAD D:/Programs/STM32CubeIDE_1.13.1/STM32CubeIDE/plugins/com.st.stm32cube.ide.mcu.externaltools.gnu-tools-for-stm32.12.3.rel1.win32_1.0.100.202403111256/tools/bin/../lib/gcc/arm-none-eabi/12.3.1/thumb/v7-m/nofp\libgcc.a
LOAD D:/Programs/STM32CubeIDE_1.13.1/STM32CubeIDE/plugins/com.st.stm32cube.ide.mcu.externaltools.gnu-tools-for-stm32.12.3.rel1.win32_1.0.100.202403111256/tools/bin/../lib/gcc/arm-none-eabi/12.3.1/../../../../arm-none-eabi/lib/thumb/v7-m/nofp\libc_nano.a
LOAD D:/Programs/STM32CubeIDE_1.13.1/STM32CubeIDE/plugins/com.st.stm32cube.ide.mcu.externaltools.gnu-tools-for-stm32.12.3.rel1.win32_1.0.100.202403111256/tools/bin/../lib/gcc/arm-none-eabi/12.3.1/../../../../arm-none-eabi/lib/thumb/v7-m/nofp\libnosys.a
END GROUP
LOAD D:/Programs/STM32CubeIDE_1.13.1/STM32CubeIDE/plugins/com.st.stm32cube.ide.mcu.externaltools.gnu-tools-for-stm32.12.3.rel1.win32_1.0.100.202403111256/tools/bin/../lib/gcc/arm-none-eabi/12.3.1/thumb/v7-m/nofp/crtend.o
LOAD D:/Programs/STM32CubeIDE_1.13.1/STM32CubeIDE/plugins/com.st.stm32cube.ide.mcu.externaltools.gnu-tools-for-stm32.12.3.rel1.win32_1.0.100.202403111256/tools/bin/../lib/gcc/arm-none-eabi/12.3.1/thumb/v7-m/nofp/crtn.o
                0x20005000                        _estack = (ORIGIN (RAM) + LENGTH (RAM))
                0x00000200                        _Min_Heap_Size = 0x200
                0x00000400                        _Min_Stack_Size = 0x400

.isr_vector     0x08000000      0x10c
                0x08000000                        . = ALIGN (0x4)
 *(.isr_vector)
 .isr_vector    0x08000000      0x10c ./Core/Startup/startup_stm32f103c8tx.o
                0x08000000                g_pfnVectors
                0x0800010c                        . = ALIGN (0x4)

.text           0x0800010c     0xa91c
                0x0800010c                        . = ALIGN (0x4)
 *(.text)
 .text          0x0800010c       0x40 D:/Programs/STM32CubeIDE_1.13.1/STM32CubeIDE/plugins/com.st.stm32cube.ide.mcu.externaltools.gnu-tools-for-stm32.12.3.rel1.win32_1.0.100.202403111256/tools/bin/../lib/gcc/arm-none-eabi/12.3.1/thumb/v7-m/nofp/crtbegin.o
 *(.text*)
 .text.HAL_ADC_ConvCpltCallback
                0x0800014c       0x5c ./Core/Src/main.o
                0x0800014c                HAL_ADC_ConvCpltCallback
 .text.HAL_TIM_PeriodElapsedCallback
                0x080001a8       0xd0 ./Core/Src/main.o
                0x080001a8                HAL_TIM_PeriodElapsedCallback
 .text.HAL_UART_RxCpltCallback
                0x08000278       0x44 ./Core/Src/main.o
                0x08000278                HAL_UART_RxCpltCallback
 .text.USBReceive
                0x080002bc       0x44 ./Core/Src/main.o
                0x080002bc                USBReceive
 .text.decodeProtocol
                0x08000300      0x1f4 ./Core/Src/main.o
                0x08000300                decodeProtocol
 .text.decodeData
                0x080004f4      0x164 ./Core/Src/main.o
                0x080004f4                decodeData
 .text.encodeData
                0x08000658      0x334 ./Core/Src/main.o
                0x08000658                encodeData
 .text.main     0x0800098c      0x1d0 ./Core/Src/main.o
                0x0800098c                main
 .text.SystemClock_Config
                0x08000b5c       0xba ./Core/Src/main.o
                0x08000b5c                SystemClock_Config
 *fill*         0x08000c16        0x2 
 .text.MX_ADC1_Init
                0x08000c18      0x144 ./Core/Src/main.o
 .text.MX_I2C2_Init
                0x08000d5c       0x5c ./Core/Src/main.o
 .text.MX_TIM1_Init
                0x08000db8       0xa0 ./Core/Src/main.o
 .text.MX_TIM4_Init
                0x08000e58       0x9c ./Core/Src/main.o
 .text.MX_USART1_UART_Init
                0x08000ef4       0x54 ./Core/Src/main.o
 .text.MX_DMA_Init
                0x08000f48       0x3c ./Core/Src/main.o
 .text.MX_GPIO_Init
                0x08000f84       0xfc ./Core/Src/main.o
 .text.Error_Handler
                0x08001080        0xc ./Core/Src/main.o
                0x08001080                Error_Handler
 .text.HAL_MspInit
                0x0800108c       0x64 ./Core/Src/stm32f1xx_hal_msp.o
                0x0800108c                HAL_MspInit
 .text.HAL_ADC_MspInit
                0x080010f0       0xd0 ./Core/Src/stm32f1xx_hal_msp.o
                0x080010f0                HAL_ADC_MspInit
 .text.HAL_I2C_MspInit
                0x080011c0       0x80 ./Core/Src/stm32f1xx_hal_msp.o
                0x080011c0                HAL_I2C_MspInit
 .text.HAL_TIM_Base_MspInit
                0x08001240       0x74 ./Core/Src/stm32f1xx_hal_msp.o
                0x08001240                HAL_TIM_Base_MspInit
 .text.HAL_UART_MspInit
                0x080012b4       0xa8 ./Core/Src/stm32f1xx_hal_msp.o
                0x080012b4                HAL_UART_MspInit
 .text.NMI_Handler
                0x0800135c        0x8 ./Core/Src/stm32f1xx_it.o
                0x0800135c                NMI_Handler
 .text.HardFault_Handler
                0x08001364        0x8 ./Core/Src/stm32f1xx_it.o
                0x08001364                HardFault_Handler
 .text.MemManage_Handler
                0x0800136c        0x8 ./Core/Src/stm32f1xx_it.o
                0x0800136c                MemManage_Handler
 .text.BusFault_Handler
                0x08001374        0x8 ./Core/Src/stm32f1xx_it.o
                0x08001374                BusFault_Handler
 .text.UsageFault_Handler
                0x0800137c        0x8 ./Core/Src/stm32f1xx_it.o
                0x0800137c                UsageFault_Handler
 .text.SVC_Handler
                0x08001384        0xc ./Core/Src/stm32f1xx_it.o
                0x08001384                SVC_Handler
 .text.DebugMon_Handler
                0x08001390        0xc ./Core/Src/stm32f1xx_it.o
                0x08001390                DebugMon_Handler
 .text.PendSV_Handler
                0x0800139c        0xc ./Core/Src/stm32f1xx_it.o
                0x0800139c                PendSV_Handler
 .text.SysTick_Handler
                0x080013a8        0xc ./Core/Src/stm32f1xx_it.o
                0x080013a8                SysTick_Handler
 .text.DMA1_Channel1_IRQHandler
                0x080013b4       0x14 ./Core/Src/stm32f1xx_it.o
                0x080013b4                DMA1_Channel1_IRQHandler
 .text.USB_LP_CAN1_RX0_IRQHandler
                0x080013c8       0x14 ./Core/Src/stm32f1xx_it.o
                0x080013c8                USB_LP_CAN1_RX0_IRQHandler
 .text.TIM1_UP_IRQHandler
                0x080013dc       0x14 ./Core/Src/stm32f1xx_it.o
                0x080013dc                TIM1_UP_IRQHandler
 .text.USART1_IRQHandler
                0x080013f0       0x14 ./Core/Src/stm32f1xx_it.o
                0x080013f0                USART1_IRQHandler
 .text.SystemInit
                0x08001404        0xc ./Core/Src/system_stm32f1xx.o
                0x08001404                SystemInit
 .text.Reset_Handler
                0x08001410       0x48 ./Core/Startup/startup_stm32f103c8tx.o
                0x08001410                Reset_Handler
 .text.Default_Handler
                0x08001458        0x2 ./Core/Startup/startup_stm32f103c8tx.o
                0x08001458                RTC_Alarm_IRQHandler
                0x08001458                EXTI2_IRQHandler
                0x08001458                TIM1_CC_IRQHandler
                0x08001458                PVD_IRQHandler
                0x08001458                EXTI3_IRQHandler
                0x08001458                EXTI0_IRQHandler
                0x08001458                I2C2_EV_IRQHandler
                0x08001458                ADC1_2_IRQHandler
                0x08001458                SPI1_IRQHandler
                0x08001458                TAMPER_IRQHandler
                0x08001458                DMA1_Channel4_IRQHandler
                0x08001458                USART3_IRQHandler
                0x08001458                RTC_IRQHandler
                0x08001458                DMA1_Channel7_IRQHandler
                0x08001458                CAN1_RX1_IRQHandler
                0x08001458                TIM4_IRQHandler
                0x08001458                I2C1_EV_IRQHandler
                0x08001458                DMA1_Channel6_IRQHandler
                0x08001458                TIM3_IRQHandler
                0x08001458                RCC_IRQHandler
                0x08001458                TIM1_TRG_COM_IRQHandler
                0x08001458                Default_Handler
                0x08001458                EXTI15_10_IRQHandler
                0x08001458                EXTI9_5_IRQHandler
                0x08001458                SPI2_IRQHandler
                0x08001458                DMA1_Channel5_IRQHandler
                0x08001458                EXTI4_IRQHandler
                0x08001458                USB_HP_CAN1_TX_IRQHandler
                0x08001458                DMA1_Channel3_IRQHandler
                0x08001458                WWDG_IRQHandler
                0x08001458                TIM2_IRQHandler
                0x08001458                TIM1_BRK_IRQHandler
                0x08001458                EXTI1_IRQHandler
                0x08001458                USART2_IRQHandler
                0x08001458                I2C2_ER_IRQHandler
                0x08001458                DMA1_Channel2_IRQHandler
                0x08001458                CAN1_SCE_IRQHandler
                0x08001458                FLASH_IRQHandler
                0x08001458                I2C1_ER_IRQHandler
                0x08001458                USBWakeUp_IRQHandler
 *fill*         0x0800145a        0x2 
 .text.HAL_Init
                0x0800145c       0x2c ./Drivers/STM32F1xx_HAL_Driver/Src/stm32f1xx_hal.o
                0x0800145c                HAL_Init
 .text.HAL_InitTick
                0x08001488       0x60 ./Drivers/STM32F1xx_HAL_Driver/Src/stm32f1xx_hal.o
                0x08001488                HAL_InitTick
 .text.HAL_IncTick
                0x080014e8       0x24 ./Drivers/STM32F1xx_HAL_Driver/Src/stm32f1xx_hal.o
                0x080014e8                HAL_IncTick
 .text.HAL_GetTick
                0x0800150c       0x14 ./Drivers/STM32F1xx_HAL_Driver/Src/stm32f1xx_hal.o
                0x0800150c                HAL_GetTick
 .text.HAL_Delay
                0x08001520       0x48 ./Drivers/STM32F1xx_HAL_Driver/Src/stm32f1xx_hal.o
                0x08001520                HAL_Delay
 .text.HAL_ADC_Init
                0x08001568      0x1b0 ./Drivers/STM32F1xx_HAL_Driver/Src/stm32f1xx_hal_adc.o
                0x08001568                HAL_ADC_Init
 .text.HAL_ADC_Start_DMA
                0x08001718      0x1bc ./Drivers/STM32F1xx_HAL_Driver/Src/stm32f1xx_hal_adc.o
                0x08001718                HAL_ADC_Start_DMA
 .text.HAL_ADC_ConvHalfCpltCallback
                0x080018d4       0x12 ./Drivers/STM32F1xx_HAL_Driver/Src/stm32f1xx_hal_adc.o
                0x080018d4                HAL_ADC_ConvHalfCpltCallback
 .text.HAL_ADC_ErrorCallback
                0x080018e6       0x12 ./Drivers/STM32F1xx_HAL_Driver/Src/stm32f1xx_hal_adc.o
                0x080018e6                HAL_ADC_ErrorCallback
 .text.HAL_ADC_ConfigChannel
                0x080018f8      0x1f0 ./Drivers/STM32F1xx_HAL_Driver/Src/stm32f1xx_hal_adc.o
                0x080018f8                HAL_ADC_ConfigChannel
 .text.ADC_Enable
                0x08001ae8       0xb4 ./Drivers/STM32F1xx_HAL_Driver/Src/stm32f1xx_hal_adc.o
                0x08001ae8                ADC_Enable
 .text.ADC_ConversionStop_Disable
                0x08001b9c       0x82 ./Drivers/STM32F1xx_HAL_Driver/Src/stm32f1xx_hal_adc.o
                0x08001b9c                ADC_ConversionStop_Disable
 .text.ADC_DMAConvCplt
                0x08001c1e       0x7c ./Drivers/STM32F1xx_HAL_Driver/Src/stm32f1xx_hal_adc.o
                0x08001c1e                ADC_DMAConvCplt
 .text.ADC_DMAHalfConvCplt
                0x08001c9a       0x1c ./Drivers/STM32F1xx_HAL_Driver/Src/stm32f1xx_hal_adc.o
                0x08001c9a                ADC_DMAHalfConvCplt
 .text.ADC_DMAError
                0x08001cb6       0x34 ./Drivers/STM32F1xx_HAL_Driver/Src/stm32f1xx_hal_adc.o
                0x08001cb6                ADC_DMAError
 *fill*         0x08001cea        0x2 
 .text.__NVIC_SetPriorityGrouping
                0x08001cec       0x48 ./Drivers/STM32F1xx_HAL_Driver/Src/stm32f1xx_hal_cortex.o
 .text.__NVIC_GetPriorityGrouping
                0x08001d34       0x1c ./Drivers/STM32F1xx_HAL_Driver/Src/stm32f1xx_hal_cortex.o
 .text.__NVIC_EnableIRQ
                0x08001d50       0x38 ./Drivers/STM32F1xx_HAL_Driver/Src/stm32f1xx_hal_cortex.o
 .text.__NVIC_SetPriority
                0x08001d88       0x54 ./Drivers/STM32F1xx_HAL_Driver/Src/stm32f1xx_hal_cortex.o
 .text.NVIC_EncodePriority
                0x08001ddc       0x64 ./Drivers/STM32F1xx_HAL_Driver/Src/stm32f1xx_hal_cortex.o
 .text.SysTick_Config
                0x08001e40       0x44 ./Drivers/STM32F1xx_HAL_Driver/Src/stm32f1xx_hal_cortex.o
 .text.HAL_NVIC_SetPriorityGrouping
                0x08001e84       0x16 ./Drivers/STM32F1xx_HAL_Driver/Src/stm32f1xx_hal_cortex.o
                0x08001e84                HAL_NVIC_SetPriorityGrouping
 .text.HAL_NVIC_SetPriority
                0x08001e9a       0x38 ./Drivers/STM32F1xx_HAL_Driver/Src/stm32f1xx_hal_cortex.o
                0x08001e9a                HAL_NVIC_SetPriority
 .text.HAL_NVIC_EnableIRQ
                0x08001ed2       0x1c ./Drivers/STM32F1xx_HAL_Driver/Src/stm32f1xx_hal_cortex.o
                0x08001ed2                HAL_NVIC_EnableIRQ
 .text.HAL_SYSTICK_Config
                0x08001eee       0x18 ./Drivers/STM32F1xx_HAL_Driver/Src/stm32f1xx_hal_cortex.o
                0x08001eee                HAL_SYSTICK_Config
 *fill*         0x08001f06        0x2 
 .text.HAL_DMA_Init
                0x08001f08       0xb4 ./Drivers/STM32F1xx_HAL_Driver/Src/stm32f1xx_hal_dma.o
                0x08001f08                HAL_DMA_Init
 .text.HAL_DMA_Start_IT
                0x08001fbc       0xc0 ./Drivers/STM32F1xx_HAL_Driver/Src/stm32f1xx_hal_dma.o
                0x08001fbc                HAL_DMA_Start_IT
 .text.HAL_DMA_Abort
                0x0800207c       0x76 ./Drivers/STM32F1xx_HAL_Driver/Src/stm32f1xx_hal_dma.o
                0x0800207c                HAL_DMA_Abort
 *fill*         0x080020f2        0x2 
 .text.HAL_DMA_Abort_IT
                0x080020f4       0xf0 ./Drivers/STM32F1xx_HAL_Driver/Src/stm32f1xx_hal_dma.o
                0x080020f4                HAL_DMA_Abort_IT
 .text.HAL_DMA_IRQHandler
                0x080021e4      0x20c ./Drivers/STM32F1xx_HAL_Driver/Src/stm32f1xx_hal_dma.o
                0x080021e4                HAL_DMA_IRQHandler
 .text.DMA_SetConfig
                0x080023f0       0x5a ./Drivers/STM32F1xx_HAL_Driver/Src/stm32f1xx_hal_dma.o
 *fill*         0x0800244a        0x2 
 .text.HAL_GPIO_Init
                0x0800244c      0x308 ./Drivers/STM32F1xx_HAL_Driver/Src/stm32f1xx_hal_gpio.o
                0x0800244c                HAL_GPIO_Init
 .text.HAL_GPIO_WritePin
                0x08002754       0x30 ./Drivers/STM32F1xx_HAL_Driver/Src/stm32f1xx_hal_gpio.o
                0x08002754                HAL_GPIO_WritePin
 .text.HAL_GPIO_TogglePin
                0x08002784       0x32 ./Drivers/STM32F1xx_HAL_Driver/Src/stm32f1xx_hal_gpio.o
                0x08002784                HAL_GPIO_TogglePin
 *fill*         0x080027b6        0x2 
 .text.HAL_I2C_Init
                0x080027b8      0x288 ./Drivers/STM32F1xx_HAL_Driver/Src/stm32f1xx_hal_i2c.o
                0x080027b8                HAL_I2C_Init
 .text.HAL_PCD_Init
                0x08002a40      0x1fe ./Drivers/STM32F1xx_HAL_Driver/Src/stm32f1xx_hal_pcd.o
                0x08002a40                HAL_PCD_Init
 .text.HAL_PCD_Start
                0x08002c3e       0x4c ./Drivers/STM32F1xx_HAL_Driver/Src/stm32f1xx_hal_pcd.o
                0x08002c3e                HAL_PCD_Start
 .text.HAL_PCD_IRQHandler
                0x08002c8a      0x260 ./Drivers/STM32F1xx_HAL_Driver/Src/stm32f1xx_hal_pcd.o
                0x08002c8a                HAL_PCD_IRQHandler
 .text.HAL_PCD_SetAddress
                0x08002eea       0x4a ./Drivers/STM32F1xx_HAL_Driver/Src/stm32f1xx_hal_pcd.o
                0x08002eea                HAL_PCD_SetAddress
 .text.HAL_PCD_EP_Open
                0x08002f34       0xba ./Drivers/STM32F1xx_HAL_Driver/Src/stm32f1xx_hal_pcd.o
                0x08002f34                HAL_PCD_EP_Open
 .text.HAL_PCD_EP_Close
                0x08002fee       0x90 ./Drivers/STM32F1xx_HAL_Driver/Src/stm32f1xx_hal_pcd.o
                0x08002fee                HAL_PCD_EP_Close
 .text.HAL_PCD_EP_Receive
                0x0800307e       0x62 ./Drivers/STM32F1xx_HAL_Driver/Src/stm32f1xx_hal_pcd.o
                0x0800307e                HAL_PCD_EP_Receive
 .text.HAL_PCD_EP_GetRxCount
                0x080030e0       0x2e ./Drivers/STM32F1xx_HAL_Driver/Src/stm32f1xx_hal_pcd.o
                0x080030e0                HAL_PCD_EP_GetRxCount
 .text.HAL_PCD_EP_Transmit
                0x0800310e       0x6e ./Drivers/STM32F1xx_HAL_Driver/Src/stm32f1xx_hal_pcd.o
                0x0800310e                HAL_PCD_EP_Transmit
 .text.HAL_PCD_EP_SetStall
                0x0800317c       0xc0 ./Drivers/STM32F1xx_HAL_Driver/Src/stm32f1xx_hal_pcd.o
                0x0800317c                HAL_PCD_EP_SetStall
 .text.HAL_PCD_EP_ClrStall
                0x0800323c       0xa8 ./Drivers/STM32F1xx_HAL_Driver/Src/stm32f1xx_hal_pcd.o
                0x0800323c                HAL_PCD_EP_ClrStall
 .text.PCD_EP_ISR_Handler
                0x080032e4      0x7a4 ./Drivers/STM32F1xx_HAL_Driver/Src/stm32f1xx_hal_pcd.o
 .text.HAL_PCD_EP_DB_Receive
                0x08003a88      0x21a ./Drivers/STM32F1xx_HAL_Driver/Src/stm32f1xx_hal_pcd.o
 .text.HAL_PCD_EP_DB_Transmit
                0x08003ca2      0x7f4 ./Drivers/STM32F1xx_HAL_Driver/Src/stm32f1xx_hal_pcd.o
 .text.HAL_PCDEx_PMAConfig
                0x08004496       0x84 ./Drivers/STM32F1xx_HAL_Driver/Src/stm32f1xx_hal_pcd_ex.o
                0x08004496                HAL_PCDEx_PMAConfig
 *fill*         0x0800451a        0x2 
 .text.HAL_RCC_OscConfig
                0x0800451c      0x504 ./Drivers/STM32F1xx_HAL_Driver/Src/stm32f1xx_hal_rcc.o
                0x0800451c                HAL_RCC_OscConfig
 .text.HAL_RCC_ClockConfig
                0x08004a20      0x1d4 ./Drivers/STM32F1xx_HAL_Driver/Src/stm32f1xx_hal_rcc.o
                0x08004a20                HAL_RCC_ClockConfig
 .text.HAL_RCC_GetSysClockFreq
                0x08004bf4       0xa8 ./Drivers/STM32F1xx_HAL_Driver/Src/stm32f1xx_hal_rcc.o
                0x08004bf4                HAL_RCC_GetSysClockFreq
 .text.HAL_RCC_GetHCLKFreq
                0x08004c9c       0x14 ./Drivers/STM32F1xx_HAL_Driver/Src/stm32f1xx_hal_rcc.o
                0x08004c9c                HAL_RCC_GetHCLKFreq
 .text.HAL_RCC_GetPCLK1Freq
                0x08004cb0       0x28 ./Drivers/STM32F1xx_HAL_Driver/Src/stm32f1xx_hal_rcc.o
                0x08004cb0                HAL_RCC_GetPCLK1Freq
 .text.HAL_RCC_GetPCLK2Freq
                0x08004cd8       0x28 ./Drivers/STM32F1xx_HAL_Driver/Src/stm32f1xx_hal_rcc.o
                0x08004cd8                HAL_RCC_GetPCLK2Freq
 .text.RCC_Delay
                0x08004d00       0x3c ./Drivers/STM32F1xx_HAL_Driver/Src/stm32f1xx_hal_rcc.o
 .text.HAL_RCCEx_PeriphCLKConfig
                0x08004d3c      0x16c ./Drivers/STM32F1xx_HAL_Driver/Src/stm32f1xx_hal_rcc_ex.o
                0x08004d3c                HAL_RCCEx_PeriphCLKConfig
 .text.HAL_TIM_Base_Init
                0x08004ea8       0x9e ./Drivers/STM32F1xx_HAL_Driver/Src/stm32f1xx_hal_tim.o
                0x08004ea8                HAL_TIM_Base_Init
 *fill*         0x08004f46        0x2 
 .text.HAL_TIM_Base_Start_IT
                0x08004f48       0xa4 ./Drivers/STM32F1xx_HAL_Driver/Src/stm32f1xx_hal_tim.o
                0x08004f48                HAL_TIM_Base_Start_IT
 .text.HAL_TIM_IRQHandler
                0x08004fec      0x210 ./Drivers/STM32F1xx_HAL_Driver/Src/stm32f1xx_hal_tim.o
                0x08004fec                HAL_TIM_IRQHandler
 .text.HAL_TIM_ConfigClockSource
                0x080051fc      0x18e ./Drivers/STM32F1xx_HAL_Driver/Src/stm32f1xx_hal_tim.o
                0x080051fc                HAL_TIM_ConfigClockSource
 .text.HAL_TIM_OC_DelayElapsedCallback
                0x0800538a       0x12 ./Drivers/STM32F1xx_HAL_Driver/Src/stm32f1xx_hal_tim.o
                0x0800538a                HAL_TIM_OC_DelayElapsedCallback
 .text.HAL_TIM_IC_CaptureCallback
                0x0800539c       0x12 ./Drivers/STM32F1xx_HAL_Driver/Src/stm32f1xx_hal_tim.o
                0x0800539c                HAL_TIM_IC_CaptureCallback
 .text.HAL_TIM_PWM_PulseFinishedCallback
                0x080053ae       0x12 ./Drivers/STM32F1xx_HAL_Driver/Src/stm32f1xx_hal_tim.o
                0x080053ae                HAL_TIM_PWM_PulseFinishedCallback
 .text.HAL_TIM_TriggerCallback
                0x080053c0       0x12 ./Drivers/STM32F1xx_HAL_Driver/Src/stm32f1xx_hal_tim.o
                0x080053c0                HAL_TIM_TriggerCallback
 *fill*         0x080053d2        0x2 
 .text.TIM_Base_SetConfig
                0x080053d4       0xc4 ./Drivers/STM32F1xx_HAL_Driver/Src/stm32f1xx_hal_tim.o
                0x080053d4                TIM_Base_SetConfig
 .text.TIM_TI1_ConfigInputStage
                0x08005498       0x5c ./Drivers/STM32F1xx_HAL_Driver/Src/stm32f1xx_hal_tim.o
 .text.TIM_TI2_ConfigInputStage
                0x080054f4       0x5e ./Drivers/STM32F1xx_HAL_Driver/Src/stm32f1xx_hal_tim.o
 .text.TIM_ITRx_SetConfig
                0x08005552       0x34 ./Drivers/STM32F1xx_HAL_Driver/Src/stm32f1xx_hal_tim.o
 .text.TIM_ETR_SetConfig
                0x08005586       0x3e ./Drivers/STM32F1xx_HAL_Driver/Src/stm32f1xx_hal_tim.o
                0x08005586                TIM_ETR_SetConfig
 .text.HAL_TIMEx_MasterConfigSynchronization
                0x080055c4       0xbc ./Drivers/STM32F1xx_HAL_Driver/Src/stm32f1xx_hal_tim_ex.o
                0x080055c4                HAL_TIMEx_MasterConfigSynchronization
 .text.HAL_TIMEx_CommutCallback
                0x08005680       0x12 ./Drivers/STM32F1xx_HAL_Driver/Src/stm32f1xx_hal_tim_ex.o
                0x08005680                HAL_TIMEx_CommutCallback
 .text.HAL_TIMEx_BreakCallback
                0x08005692       0x12 ./Drivers/STM32F1xx_HAL_Driver/Src/stm32f1xx_hal_tim_ex.o
                0x08005692                HAL_TIMEx_BreakCallback
 .text.HAL_UART_Init
                0x080056a4       0xa0 ./Drivers/STM32F1xx_HAL_Driver/Src/stm32f1xx_hal_uart.o
                0x080056a4                HAL_UART_Init
 .text.HAL_UART_Receive_IT
                0x08005744       0x4a ./Drivers/STM32F1xx_HAL_Driver/Src/stm32f1xx_hal_uart.o
                0x08005744                HAL_UART_Receive_IT
 *fill*         0x0800578e        0x2 
 .text.HAL_UART_IRQHandler
                0x08005790      0x524 ./Drivers/STM32F1xx_HAL_Driver/Src/stm32f1xx_hal_uart.o
                0x08005790                HAL_UART_IRQHandler
 .text.HAL_UART_TxCpltCallback
                0x08005cb4       0x12 ./Drivers/STM32F1xx_HAL_Driver/Src/stm32f1xx_hal_uart.o
                0x08005cb4                HAL_UART_TxCpltCallback
 .text.HAL_UART_ErrorCallback
                0x08005cc6       0x12 ./Drivers/STM32F1xx_HAL_Driver/Src/stm32f1xx_hal_uart.o
                0x08005cc6                HAL_UART_ErrorCallback
 .text.HAL_UARTEx_RxEventCallback
                0x08005cd8       0x16 ./Drivers/STM32F1xx_HAL_Driver/Src/stm32f1xx_hal_uart.o
                0x08005cd8                HAL_UARTEx_RxEventCallback
 .text.UART_Start_Receive_IT
                0x08005cee       0x72 ./Drivers/STM32F1xx_HAL_Driver/Src/stm32f1xx_hal_uart.o
                0x08005cee                UART_Start_Receive_IT
 .text.UART_EndRxTransfer
                0x08005d60       0xc4 ./Drivers/STM32F1xx_HAL_Driver/Src/stm32f1xx_hal_uart.o
 .text.UART_DMAAbortOnError
                0x08005e24       0x28 ./Drivers/STM32F1xx_HAL_Driver/Src/stm32f1xx_hal_uart.o
 .text.UART_Transmit_IT
                0x08005e4c       0x9e ./Drivers/STM32F1xx_HAL_Driver/Src/stm32f1xx_hal_uart.o
 .text.UART_EndTransmit_IT
                0x08005eea       0x30 ./Drivers/STM32F1xx_HAL_Driver/Src/stm32f1xx_hal_uart.o
 .text.UART_Receive_IT
                0x08005f1a      0x17c ./Drivers/STM32F1xx_HAL_Driver/Src/stm32f1xx_hal_uart.o
 *fill*         0x08006096        0x2 
 .text.UART_SetConfig
                0x08006098      0x11c ./Drivers/STM32F1xx_HAL_Driver/Src/stm32f1xx_hal_uart.o
 .text.USB_CoreInit
                0x080061b4       0x20 ./Drivers/STM32F1xx_HAL_Driver/Src/stm32f1xx_ll_usb.o
                0x080061b4                USB_CoreInit
 .text.USB_EnableGlobalInt
                0x080061d4       0x2c ./Drivers/STM32F1xx_HAL_Driver/Src/stm32f1xx_ll_usb.o
                0x080061d4                USB_EnableGlobalInt
 .text.USB_DisableGlobalInt
                0x08006200       0x34 ./Drivers/STM32F1xx_HAL_Driver/Src/stm32f1xx_ll_usb.o
                0x08006200                USB_DisableGlobalInt
 .text.USB_SetCurrentMode
                0x08006234       0x18 ./Drivers/STM32F1xx_HAL_Driver/Src/stm32f1xx_ll_usb.o
                0x08006234                USB_SetCurrentMode
 .text.USB_DevInit
                0x0800624c       0x40 ./Drivers/STM32F1xx_HAL_Driver/Src/stm32f1xx_ll_usb.o
                0x0800624c                USB_DevInit
 .text.USB_ActivateEndpoint
                0x0800628c      0x780 ./Drivers/STM32F1xx_HAL_Driver/Src/stm32f1xx_ll_usb.o
                0x0800628c                USB_ActivateEndpoint
 .text.USB_DeactivateEndpoint
                0x08006a0c      0x3d8 ./Drivers/STM32F1xx_HAL_Driver/Src/stm32f1xx_ll_usb.o
                0x08006a0c                USB_DeactivateEndpoint
 .text.USB_EPStartXfer
                0x08006de4     0x1762 ./Drivers/STM32F1xx_HAL_Driver/Src/stm32f1xx_ll_usb.o
                0x08006de4                USB_EPStartXfer
 .text.USB_EPSetStall
                0x08008546       0xa0 ./Drivers/STM32F1xx_HAL_Driver/Src/stm32f1xx_ll_usb.o
                0x08008546                USB_EPSetStall
 .text.USB_EPClearStall
                0x080085e6      0x15a ./Drivers/STM32F1xx_HAL_Driver/Src/stm32f1xx_ll_usb.o
                0x080085e6                USB_EPClearStall
 .text.USB_SetDevAddress
                0x08008740       0x26 ./Drivers/STM32F1xx_HAL_Driver/Src/stm32f1xx_ll_usb.o
                0x08008740                USB_SetDevAddress
 .text.USB_DevConnect
                0x08008766       0x14 ./Drivers/STM32F1xx_HAL_Driver/Src/stm32f1xx_ll_usb.o
                0x08008766                USB_DevConnect
 .text.USB_DevDisconnect
                0x0800877a       0x14 ./Drivers/STM32F1xx_HAL_Driver/Src/stm32f1xx_ll_usb.o
                0x0800877a                USB_DevDisconnect
 .text.USB_ReadInterrupts
                0x0800878e       0x1e ./Drivers/STM32F1xx_HAL_Driver/Src/stm32f1xx_ll_usb.o
                0x0800878e                USB_ReadInterrupts
 .text.USB_EP0_OutStart
                0x080087ac       0x16 ./Drivers/STM32F1xx_HAL_Driver/Src/stm32f1xx_ll_usb.o
                0x080087ac                USB_EP0_OutStart
 .text.USB_WritePMA
                0x080087c2       0x8a ./Drivers/STM32F1xx_HAL_Driver/Src/stm32f1xx_ll_usb.o
                0x080087c2                USB_WritePMA
 .text.USB_ReadPMA
                0x0800884c       0x9e ./Drivers/STM32F1xx_HAL_Driver/Src/stm32f1xx_ll_usb.o
                0x0800884c                USB_ReadPMA
 .text.USBD_CDC_Init
                0x080088ea       0xf4 ./Middlewares/ST/STM32_USB_Device_Library/Class/CDC/Src/usbd_cdc.o
 .text.USBD_CDC_DeInit
                0x080089de       0x6e ./Middlewares/ST/STM32_USB_Device_Library/Class/CDC/Src/usbd_cdc.o
 .text.USBD_CDC_Setup
                0x08008a4c      0x146 ./Middlewares/ST/STM32_USB_Device_Library/Class/CDC/Src/usbd_cdc.o
 .text.USBD_CDC_DataIn
                0x08008b92       0xa6 ./Middlewares/ST/STM32_USB_Device_Library/Class/CDC/Src/usbd_cdc.o
 .text.USBD_CDC_DataOut
                0x08008c38       0x56 ./Middlewares/ST/STM32_USB_Device_Library/Class/CDC/Src/usbd_cdc.o
 .text.USBD_CDC_EP0_RxReady
                0x08008c8e       0x4e ./Middlewares/ST/STM32_USB_Device_Library/Class/CDC/Src/usbd_cdc.o
 .text.USBD_CDC_GetFSCfgDesc
                0x08008cdc       0x20 ./Middlewares/ST/STM32_USB_Device_Library/Class/CDC/Src/usbd_cdc.o
 .text.USBD_CDC_GetHSCfgDesc
                0x08008cfc       0x20 ./Middlewares/ST/STM32_USB_Device_Library/Class/CDC/Src/usbd_cdc.o
 .text.USBD_CDC_GetOtherSpeedCfgDesc
                0x08008d1c       0x20 ./Middlewares/ST/STM32_USB_Device_Library/Class/CDC/Src/usbd_cdc.o
 .text.USBD_CDC_GetDeviceQualifierDescriptor
                0x08008d3c       0x20 ./Middlewares/ST/STM32_USB_Device_Library/Class/CDC/Src/usbd_cdc.o
                0x08008d3c                USBD_CDC_GetDeviceQualifierDescriptor
 .text.USBD_CDC_RegisterInterface
                0x08008d5c       0x2c ./Middlewares/ST/STM32_USB_Device_Library/Class/CDC/Src/usbd_cdc.o
                0x08008d5c                USBD_CDC_RegisterInterface
 .text.USBD_CDC_SetTxBuffer
                0x08008d88       0x32 ./Middlewares/ST/STM32_USB_Device_Library/Class/CDC/Src/usbd_cdc.o
                0x08008d88                USBD_CDC_SetTxBuffer
 .text.USBD_CDC_SetRxBuffer
                0x08008dba       0x26 ./Middlewares/ST/STM32_USB_Device_Library/Class/CDC/Src/usbd_cdc.o
                0x08008dba                USBD_CDC_SetRxBuffer
 .text.USBD_CDC_TransmitPacket
                0x08008de0       0x5e ./Middlewares/ST/STM32_USB_Device_Library/Class/CDC/Src/usbd_cdc.o
                0x08008de0                USBD_CDC_TransmitPacket
 .text.USBD_CDC_ReceivePacket
                0x08008e3e       0x54 ./Middlewares/ST/STM32_USB_Device_Library/Class/CDC/Src/usbd_cdc.o
                0x08008e3e                USBD_CDC_ReceivePacket
 .text.USBD_Init
                0x08008e92       0x56 ./Middlewares/ST/STM32_USB_Device_Library/Core/Src/usbd_core.o
                0x08008e92                USBD_Init
 .text.USBD_RegisterClass
                0x08008ee8       0x32 ./Middlewares/ST/STM32_USB_Device_Library/Core/Src/usbd_core.o
                0x08008ee8                USBD_RegisterClass
 .text.USBD_Start
                0x08008f1a       0x18 ./Middlewares/ST/STM32_USB_Device_Library/Core/Src/usbd_core.o
                0x08008f1a                USBD_Start
 .text.USBD_RunTestMode
                0x08008f32       0x14 ./Middlewares/ST/STM32_USB_Device_Library/Core/Src/usbd_core.o
                0x08008f32                USBD_RunTestMode
 .text.USBD_SetClassConfig
                0x08008f46       0x3e ./Middlewares/ST/STM32_USB_Device_Library/Core/Src/usbd_core.o
                0x08008f46                USBD_SetClassConfig
 .text.USBD_ClrClassConfig
                0x08008f84       0x26 ./Middlewares/ST/STM32_USB_Device_Library/Core/Src/usbd_core.o
                0x08008f84                USBD_ClrClassConfig
 .text.USBD_LL_SetupStage
                0x08008faa       0x9a ./Middlewares/ST/STM32_USB_Device_Library/Core/Src/usbd_core.o
                0x08008faa                USBD_LL_SetupStage
 .text.USBD_LL_DataOutStage
                0x08009044       0xe2 ./Middlewares/ST/STM32_USB_Device_Library/Core/Src/usbd_core.o
                0x08009044                USBD_LL_DataOutStage
 .text.USBD_LL_DataInStage
                0x08009126      0x14a ./Middlewares/ST/STM32_USB_Device_Library/Core/Src/usbd_core.o
                0x08009126                USBD_LL_DataInStage
 .text.USBD_LL_Reset
                0x08009270       0x82 ./Middlewares/ST/STM32_USB_Device_Library/Core/Src/usbd_core.o
                0x08009270                USBD_LL_Reset
 .text.USBD_LL_SetSpeed
                0x080092f2       0x1e ./Middlewares/ST/STM32_USB_Device_Library/Core/Src/usbd_core.o
                0x080092f2                USBD_LL_SetSpeed
 .text.USBD_LL_Suspend
                0x08009310       0x28 ./Middlewares/ST/STM32_USB_Device_Library/Core/Src/usbd_core.o
                0x08009310                USBD_LL_Suspend
 .text.USBD_LL_Resume
                0x08009338       0x2a ./Middlewares/ST/STM32_USB_Device_Library/Core/Src/usbd_core.o
                0x08009338                USBD_LL_Resume
 .text.USBD_LL_SOF
                0x08009362       0x34 ./Middlewares/ST/STM32_USB_Device_Library/Core/Src/usbd_core.o
                0x08009362                USBD_LL_SOF
 *fill*         0x08009396        0x2 
 .text.USBD_StdDevReq
                0x08009398       0xd4 ./Middlewares/ST/STM32_USB_Device_Library/Core/Src/usbd_ctlreq.o
                0x08009398                USBD_StdDevReq
 .text.USBD_StdItfReq
                0x0800946c       0x90 ./Middlewares/ST/STM32_USB_Device_Library/Core/Src/usbd_ctlreq.o
                0x0800946c                USBD_StdItfReq
 .text.USBD_StdEPReq
                0x080094fc      0x2c6 ./Middlewares/ST/STM32_USB_Device_Library/Core/Src/usbd_ctlreq.o
                0x080094fc                USBD_StdEPReq
 *fill*         0x080097c2        0x2 
 .text.USBD_GetDescriptor
                0x080097c4      0x2d0 ./Middlewares/ST/STM32_USB_Device_Library/Core/Src/usbd_ctlreq.o
 .text.USBD_SetAddress
                0x08009a94       0x86 ./Middlewares/ST/STM32_USB_Device_Library/Core/Src/usbd_ctlreq.o
 *fill*         0x08009b1a        0x2 
 .text.USBD_SetConfig
                0x08009b1c      0x11c ./Middlewares/ST/STM32_USB_Device_Library/Core/Src/usbd_ctlreq.o
 .text.USBD_GetConfig
                0x08009c38       0x6a ./Middlewares/ST/STM32_USB_Device_Library/Core/Src/usbd_ctlreq.o
 .text.USBD_GetStatus
                0x08009ca2       0x66 ./Middlewares/ST/STM32_USB_Device_Library/Core/Src/usbd_ctlreq.o
 .text.USBD_SetFeature
                0x08009d08       0x28 ./Middlewares/ST/STM32_USB_Device_Library/Core/Src/usbd_ctlreq.o
 .text.USBD_ClrFeature
                0x08009d30       0x42 ./Middlewares/ST/STM32_USB_Device_Library/Core/Src/usbd_ctlreq.o
 .text.USBD_ParseSetupRequest
                0x08009d72       0x72 ./Middlewares/ST/STM32_USB_Device_Library/Core/Src/usbd_ctlreq.o
                0x08009d72                USBD_ParseSetupRequest
 .text.USBD_CtlError
                0x08009de4       0x22 ./Middlewares/ST/STM32_USB_Device_Library/Core/Src/usbd_ctlreq.o
                0x08009de4                USBD_CtlError
 .text.USBD_GetString
                0x08009e06       0x84 ./Middlewares/ST/STM32_USB_Device_Library/Core/Src/usbd_ctlreq.o
                0x08009e06                USBD_GetString
 .text.USBD_GetLen
                0x08009e8a       0x2e ./Middlewares/ST/STM32_USB_Device_Library/Core/Src/usbd_ctlreq.o
 .text.USBD_CtlSendData
                0x08009eb8       0x38 ./Middlewares/ST/STM32_USB_Device_Library/Core/Src/usbd_ioreq.o
                0x08009eb8                USBD_CtlSendData
 .text.USBD_CtlContinueSendData
                0x08009ef0       0x24 ./Middlewares/ST/STM32_USB_Device_Library/Core/Src/usbd_ioreq.o
                0x08009ef0                USBD_CtlContinueSendData
 .text.USBD_CtlPrepareRx
                0x08009f14       0x3c ./Middlewares/ST/STM32_USB_Device_Library/Core/Src/usbd_ioreq.o
                0x08009f14                USBD_CtlPrepareRx
 .text.USBD_CtlContinueRx
                0x08009f50       0x24 ./Middlewares/ST/STM32_USB_Device_Library/Core/Src/usbd_ioreq.o
                0x08009f50                USBD_CtlContinueRx
 .text.USBD_CtlSendStatus
                0x08009f74       0x26 ./Middlewares/ST/STM32_USB_Device_Library/Core/Src/usbd_ioreq.o
                0x08009f74                USBD_CtlSendStatus
 .text.USBD_CtlReceiveStatus
                0x08009f9a       0x26 ./Middlewares/ST/STM32_USB_Device_Library/Core/Src/usbd_ioreq.o
                0x08009f9a                USBD_CtlReceiveStatus
 .text.MX_USB_DEVICE_Init
                0x08009fc0       0x60 ./USB_DEVICE/App/usb_device.o
                0x08009fc0                MX_USB_DEVICE_Init
 .text.CDC_Init_FS
                0x0800a020       0x28 ./USB_DEVICE/App/usbd_cdc_if.o
 .text.CDC_DeInit_FS
                0x0800a048        0xe ./USB_DEVICE/App/usbd_cdc_if.o
 *fill*         0x0800a056        0x2 
 .text.CDC_Control_FS
                0x0800a058      0x144 ./USB_DEVICE/App/usbd_cdc_if.o
 .text.CDC_Receive_FS
                0x0800a19c       0x44 ./USB_DEVICE/App/usbd_cdc_if.o
 .text.CDC_Transmit_FS
                0x0800a1e0       0x4c ./USB_DEVICE/App/usbd_cdc_if.o
                0x0800a1e0                CDC_Transmit_FS
 .text.CDC_AttachRxData
                0x0800a22c       0x1c ./USB_DEVICE/App/usbd_cdc_if.o
                0x0800a22c                CDC_AttachRxData
 .text.USBD_FS_DeviceDescriptor
                0x0800a248       0x24 ./USB_DEVICE/App/usbd_desc.o
                0x0800a248                USBD_FS_DeviceDescriptor
 .text.USBD_FS_LangIDStrDescriptor
                0x0800a26c       0x24 ./USB_DEVICE/App/usbd_desc.o
                0x0800a26c                USBD_FS_LangIDStrDescriptor
 .text.USBD_FS_ProductStrDescriptor
                0x0800a290       0x3c ./USB_DEVICE/App/usbd_desc.o
                0x0800a290                USBD_FS_ProductStrDescriptor
 .text.USBD_FS_ManufacturerStrDescriptor
                0x0800a2cc       0x28 ./USB_DEVICE/App/usbd_desc.o
                0x0800a2cc                USBD_FS_ManufacturerStrDescriptor
 .text.USBD_FS_SerialStrDescriptor
                0x0800a2f4       0x24 ./USB_DEVICE/App/usbd_desc.o
                0x0800a2f4                USBD_FS_SerialStrDescriptor
 .text.USBD_FS_ConfigStrDescriptor
                0x0800a318       0x3c ./USB_DEVICE/App/usbd_desc.o
                0x0800a318                USBD_FS_ConfigStrDescriptor
 .text.USBD_FS_InterfaceStrDescriptor
                0x0800a354       0x3c ./USB_DEVICE/App/usbd_desc.o
                0x0800a354                USBD_FS_InterfaceStrDescriptor
 .text.Get_SerialNum
                0x0800a390       0x58 ./USB_DEVICE/App/usbd_desc.o
 .text.IntToUnicode
                0x0800a3e8       0x7c ./USB_DEVICE/App/usbd_desc.o
 .text.HAL_PCD_MspInit
                0x0800a464       0x4c ./USB_DEVICE/Target/usbd_conf.o
                0x0800a464                HAL_PCD_MspInit
 .text.HAL_PCD_SetupStageCallback
                0x0800a4b0       0x24 ./USB_DEVICE/Target/usbd_conf.o
                0x0800a4b0                HAL_PCD_SetupStageCallback
 .text.HAL_PCD_DataOutStageCallback
                0x0800a4d4       0x36 ./USB_DEVICE/Target/usbd_conf.o
                0x0800a4d4                HAL_PCD_DataOutStageCallback
 .text.HAL_PCD_DataInStageCallback
                0x0800a50a       0x34 ./USB_DEVICE/Target/usbd_conf.o
                0x0800a50a                HAL_PCD_DataInStageCallback
 .text.HAL_PCD_SOFCallback
                0x0800a53e       0x1c ./USB_DEVICE/Target/usbd_conf.o
                0x0800a53e                HAL_PCD_SOFCallback
 .text.HAL_PCD_ResetCallback
                0x0800a55a       0x3c ./USB_DEVICE/Target/usbd_conf.o
                0x0800a55a                HAL_PCD_ResetCallback
 *fill*         0x0800a596        0x2 
 .text.HAL_PCD_SuspendCallback
                0x0800a598       0x34 ./USB_DEVICE/Target/usbd_conf.o
                0x0800a598                HAL_PCD_SuspendCallback
 .text.HAL_PCD_ResumeCallback
                0x0800a5cc       0x1c ./USB_DEVICE/Target/usbd_conf.o
                0x0800a5cc                HAL_PCD_ResumeCallback
 .text.USBD_LL_Init
                0x0800a5e8       0xb4 ./USB_DEVICE/Target/usbd_conf.o
                0x0800a5e8                USBD_LL_Init
 .text.USBD_LL_Start
                0x0800a69c       0x36 ./USB_DEVICE/Target/usbd_conf.o
                0x0800a69c                USBD_LL_Start
 .text.USBD_LL_OpenEP
                0x0800a6d2       0x4c ./USB_DEVICE/Target/usbd_conf.o
                0x0800a6d2                USBD_LL_OpenEP
 .text.USBD_LL_CloseEP
                0x0800a71e       0x3e ./USB_DEVICE/Target/usbd_conf.o
                0x0800a71e                USBD_LL_CloseEP
 .text.USBD_LL_StallEP
                0x0800a75c       0x3e ./USB_DEVICE/Target/usbd_conf.o
                0x0800a75c                USBD_LL_StallEP
 .text.USBD_LL_ClearStallEP
                0x0800a79a       0x3e ./USB_DEVICE/Target/usbd_conf.o
                0x0800a79a                USBD_LL_ClearStallEP
 .text.USBD_LL_IsStallEP
                0x0800a7d8       0x58 ./USB_DEVICE/Target/usbd_conf.o
                0x0800a7d8                USBD_LL_IsStallEP
 .text.USBD_LL_SetUSBAddress
                0x0800a830       0x3e ./USB_DEVICE/Target/usbd_conf.o
                0x0800a830                USBD_LL_SetUSBAddress
 .text.USBD_LL_Transmit
                0x0800a86e       0x46 ./USB_DEVICE/Target/usbd_conf.o
                0x0800a86e                USBD_LL_Transmit
 .text.USBD_LL_PrepareReceive
                0x0800a8b4       0x46 ./USB_DEVICE/Target/usbd_conf.o
                0x0800a8b4                USBD_LL_PrepareReceive
 .text.USBD_LL_GetRxDataSize
                0x0800a8fa       0x26 ./USB_DEVICE/Target/usbd_conf.o
                0x0800a8fa                USBD_LL_GetRxDataSize
 .text.USBD_static_malloc
                0x0800a920       0x18 ./USB_DEVICE/Target/usbd_conf.o
                0x0800a920                USBD_static_malloc
 .text.USBD_static_free
                0x0800a938       0x12 ./USB_DEVICE/Target/usbd_conf.o
                0x0800a938                USBD_static_free
 .text.HAL_PCDEx_SetConnectionState
                0x0800a94a       0x16 ./USB_DEVICE/Target/usbd_conf.o
                0x0800a94a                HAL_PCDEx_SetConnectionState
 .text.USBD_Get_USB_Status
                0x0800a960       0x58 ./USB_DEVICE/Target/usbd_conf.o
 .text.memset   0x0800a9b8       0x10 D:/Programs/STM32CubeIDE_1.13.1/STM32CubeIDE/plugins/com.st.stm32cube.ide.mcu.externaltools.gnu-tools-for-stm32.12.3.rel1.win32_1.0.100.202403111256/tools/bin/../lib/gcc/arm-none-eabi/12.3.1/../../../../arm-none-eabi/lib/thumb/v7-m/nofp\libc_nano.a(libc_a-memset.o)
                0x0800a9b8                memset
 .text.__libc_init_array
                0x0800a9c8       0x48 D:/Programs/STM32CubeIDE_1.13.1/STM32CubeIDE/plugins/com.st.stm32cube.ide.mcu.externaltools.gnu-tools-for-stm32.12.3.rel1.win32_1.0.100.202403111256/tools/bin/../lib/gcc/arm-none-eabi/12.3.1/../../../../arm-none-eabi/lib/thumb/v7-m/nofp\libc_nano.a(libc_a-init.o)
                0x0800a9c8                __libc_init_array
 *(.glue_7)
 .glue_7        0x0800aa10        0x0 linker stubs
 *(.glue_7t)
 .glue_7t       0x0800aa10        0x0 linker stubs
 *(.eh_frame)
 .eh_frame      0x0800aa10        0x0 D:/Programs/STM32CubeIDE_1.13.1/STM32CubeIDE/plugins/com.st.stm32cube.ide.mcu.externaltools.gnu-tools-for-stm32.12.3.rel1.win32_1.0.100.202403111256/tools/bin/../lib/gcc/arm-none-eabi/12.3.1/thumb/v7-m/nofp/crtbegin.o
 *(.init)
 .init          0x0800aa10        0x4 D:/Programs/STM32CubeIDE_1.13.1/STM32CubeIDE/plugins/com.st.stm32cube.ide.mcu.externaltools.gnu-tools-for-stm32.12.3.rel1.win32_1.0.100.202403111256/tools/bin/../lib/gcc/arm-none-eabi/12.3.1/thumb/v7-m/nofp/crti.o
                0x0800aa10                _init
 .init          0x0800aa14        0x8 D:/Programs/STM32CubeIDE_1.13.1/STM32CubeIDE/plugins/com.st.stm32cube.ide.mcu.externaltools.gnu-tools-for-stm32.12.3.rel1.win32_1.0.100.202403111256/tools/bin/../lib/gcc/arm-none-eabi/12.3.1/thumb/v7-m/nofp/crtn.o
 *(.fini)
 .fini          0x0800aa1c        0x4 D:/Programs/STM32CubeIDE_1.13.1/STM32CubeIDE/plugins/com.st.stm32cube.ide.mcu.externaltools.gnu-tools-for-stm32.12.3.rel1.win32_1.0.100.202403111256/tools/bin/../lib/gcc/arm-none-eabi/12.3.1/thumb/v7-m/nofp/crti.o
                0x0800aa1c                _fini
 .fini          0x0800aa20        0x8 D:/Programs/STM32CubeIDE_1.13.1/STM32CubeIDE/plugins/com.st.stm32cube.ide.mcu.externaltools.gnu-tools-for-stm32.12.3.rel1.win32_1.0.100.202403111256/tools/bin/../lib/gcc/arm-none-eabi/12.3.1/thumb/v7-m/nofp/crtn.o
                0x0800aa28                        . = ALIGN (0x4)
                0x0800aa28                        _etext = .

.vfp11_veneer   0x0800aa28        0x0
 .vfp11_veneer  0x0800aa28        0x0 linker stubs

.v4_bx          0x0800aa28        0x0
 .v4_bx         0x0800aa28        0x0 linker stubs

.iplt           0x0800aa28        0x0
 .iplt          0x0800aa28        0x0 D:/Programs/STM32CubeIDE_1.13.1/STM32CubeIDE/plugins/com.st.stm32cube.ide.mcu.externaltools.gnu-tools-for-stm32.12.3.rel1.win32_1.0.100.202403111256/tools/bin/../lib/gcc/arm-none-eabi/12.3.1/thumb/v7-m/nofp/crtbegin.o

.rodata         0x0800aa28       0x74
                0x0800aa28                        . = ALIGN (0x4)
 *(.rodata)
 .rodata        0x0800aa28       0x46 ./USB_DEVICE/App/usbd_desc.o
 *(.rodata*)
 *fill*         0x0800aa6e        0x2 
 .rodata.AHBPrescTable
                0x0800aa70       0x10 ./Core/Src/system_stm32f1xx.o
                0x0800aa70                AHBPrescTable
 .rodata.APBPrescTable
                0x0800aa80        0x8 ./Core/Src/system_stm32f1xx.o
                0x0800aa80                APBPrescTable
 .rodata.aPLLMULFactorTable.1
                0x0800aa88       0x10 ./Drivers/STM32F1xx_HAL_Driver/Src/stm32f1xx_hal_rcc.o
 .rodata.aPredivFactorTable.0
                0x0800aa98        0x2 ./Drivers/STM32F1xx_HAL_Driver/Src/stm32f1xx_hal_rcc.o
                0x0800aa9c                        . = ALIGN (0x4)
 *fill*         0x0800aa9a        0x2 

.rel.dyn        0x0800aa9c        0x0
 .rel.iplt      0x0800aa9c        0x0 D:/Programs/STM32CubeIDE_1.13.1/STM32CubeIDE/plugins/com.st.stm32cube.ide.mcu.externaltools.gnu-tools-for-stm32.12.3.rel1.win32_1.0.100.202403111256/tools/bin/../lib/gcc/arm-none-eabi/12.3.1/thumb/v7-m/nofp/crtbegin.o

.ARM.extab      0x0800aa9c        0x0
                0x0800aa9c                        . = ALIGN (0x4)
 *(.ARM.extab* .gnu.linkonce.armextab.*)
                0x0800aa9c                        . = ALIGN (0x4)

.ARM            0x0800aa9c        0x0
                0x0800aa9c                        . = ALIGN (0x4)
                0x0800aa9c                        __exidx_start = .
 *(.ARM.exidx*)
                0x0800aa9c                        __exidx_end = .
                0x0800aa9c                        . = ALIGN (0x4)

.preinit_array  0x0800aa9c        0x0
                0x0800aa9c                        . = ALIGN (0x4)
                0x0800aa9c                        PROVIDE (__preinit_array_start = .)
 *(.preinit_array*)
                0x0800aa9c                        PROVIDE (__preinit_array_end = .)
                0x0800aa9c                        . = ALIGN (0x4)

.init_array     0x0800aa9c        0x4
                0x0800aa9c                        . = ALIGN (0x4)
                0x0800aa9c                        PROVIDE (__init_array_start = .)
 *(SORT_BY_NAME(.init_array.*))
 *(.init_array*)
 .init_array    0x0800aa9c        0x4 D:/Programs/STM32CubeIDE_1.13.1/STM32CubeIDE/plugins/com.st.stm32cube.ide.mcu.externaltools.gnu-tools-for-stm32.12.3.rel1.win32_1.0.100.202403111256/tools/bin/../lib/gcc/arm-none-eabi/12.3.1/thumb/v7-m/nofp/crtbegin.o
                0x0800aaa0                        PROVIDE (__init_array_end = .)
                0x0800aaa0                        . = ALIGN (0x4)

.fini_array     0x0800aaa0        0x4
                0x0800aaa0                        . = ALIGN (0x4)
                [!provide]                        PROVIDE (__fini_array_start = .)
 *(SORT_BY_NAME(.fini_array.*))
 *(.fini_array*)
 .fini_array    0x0800aaa0        0x4 D:/Programs/STM32CubeIDE_1.13.1/STM32CubeIDE/plugins/com.st.stm32cube.ide.mcu.externaltools.gnu-tools-for-stm32.12.3.rel1.win32_1.0.100.202403111256/tools/bin/../lib/gcc/arm-none-eabi/12.3.1/thumb/v7-m/nofp/crtbegin.o
                [!provide]                        PROVIDE (__fini_array_end = .)
                0x0800aaa4                        . = ALIGN (0x4)
                0x0800aaa4                        _sidata = LOADADDR (.data)

.data           0x20000000      0x180 load address 0x0800aaa4
                0x20000000                        . = ALIGN (0x4)
                0x20000000                        _sdata = .
 *(.data)
 *(.data*)
 .data.t10ms    0x20000000        0x1 ./Core/Src/main.o
                0x20000000                t10ms
 .data.t100ms   0x20000001        0x1 ./Core/Src/main.o
                0x20000001                t100ms
 .data.t500ms   0x20000002        0x1 ./Core/Src/main.o
                0x20000002                t500ms
 .data.t1seg    0x20000003        0x1 ./Core/Src/main.o
                0x20000003                t1seg
 .data.SystemCoreClock
                0x20000004        0x4 ./Core/Src/system_stm32f1xx.o
                0x20000004                SystemCoreClock
 .data.uwTickPrio
                0x20000008        0x4 ./Drivers/STM32F1xx_HAL_Driver/Src/stm32f1xx_hal.o
                0x20000008                uwTickPrio
 .data.uwTickFreq
                0x2000000c        0x1 ./Drivers/STM32F1xx_HAL_Driver/Src/stm32f1xx_hal.o
                0x2000000c                uwTickFreq
 *fill*         0x2000000d        0x3 
 .data.USBD_CDC_DeviceQualifierDesc
                0x20000010        0xa ./Middlewares/ST/STM32_USB_Device_Library/Class/CDC/Src/usbd_cdc.o
 *fill*         0x2000001a        0x2 
 .data.USBD_CDC
                0x2000001c       0x38 ./Middlewares/ST/STM32_USB_Device_Library/Class/CDC/Src/usbd_cdc.o
                0x2000001c                USBD_CDC
 .data.USBD_CDC_CfgHSDesc
                0x20000054       0x43 ./Middlewares/ST/STM32_USB_Device_Library/Class/CDC/Src/usbd_cdc.o
                0x20000054                USBD_CDC_CfgHSDesc
 *fill*         0x20000097        0x1 
 .data.USBD_CDC_CfgFSDesc
                0x20000098       0x43 ./Middlewares/ST/STM32_USB_Device_Library/Class/CDC/Src/usbd_cdc.o
                0x20000098                USBD_CDC_CfgFSDesc
 *fill*         0x200000db        0x1 
 .data.USBD_CDC_OtherSpeedCfgDesc
                0x200000dc       0x43 ./Middlewares/ST/STM32_USB_Device_Library/Class/CDC/Src/usbd_cdc.o
                0x200000dc                USBD_CDC_OtherSpeedCfgDesc
 *fill*         0x2000011f        0x1 
 .data.USBD_Interface_fops_FS
                0x20000120       0x10 ./USB_DEVICE/App/usbd_cdc_if.o
                0x20000120                USBD_Interface_fops_FS
 .data.FS_Desc  0x20000130       0x1c ./USB_DEVICE/App/usbd_desc.o
                0x20000130                FS_Desc
 .data.USBD_FS_DeviceDesc
                0x2000014c       0x12 ./USB_DEVICE/App/usbd_desc.o
                0x2000014c                USBD_FS_DeviceDesc
 *fill*         0x2000015e        0x2 
 .data.USBD_LangIDDesc
                0x20000160        0x4 ./USB_DEVICE/App/usbd_desc.o
                0x20000160                USBD_LangIDDesc
 .data.USBD_StringSerial
                0x20000164       0x1a ./USB_DEVICE/App/usbd_desc.o
                0x20000164                USBD_StringSerial
 *(.RamFunc)
 *(.RamFunc*)
                0x20000180                        . = ALIGN (0x4)
 *fill*         0x2000017e        0x2 
                0x20000180                        _edata = .

.igot.plt       0x20000180        0x0 load address 0x0800ac24
 .igot.plt      0x20000180        0x0 D:/Programs/STM32CubeIDE_1.13.1/STM32CubeIDE/plugins/com.st.stm32cube.ide.mcu.externaltools.gnu-tools-for-stm32.12.3.rel1.win32_1.0.100.202403111256/tools/bin/../lib/gcc/arm-none-eabi/12.3.1/thumb/v7-m/nofp/crtbegin.o
                0x20000180                        . = ALIGN (0x4)

.bss            0x20000180      0xfe0 load address 0x0800ac24
                0x20000180                        _sbss = .
                0x20000180                        __bss_start__ = _sbss
 *(.bss)
 .bss           0x20000180       0x1c D:/Programs/STM32CubeIDE_1.13.1/STM32CubeIDE/plugins/com.st.stm32cube.ide.mcu.externaltools.gnu-tools-for-stm32.12.3.rel1.win32_1.0.100.202403111256/tools/bin/../lib/gcc/arm-none-eabi/12.3.1/thumb/v7-m/nofp/crtbegin.o
 *(.bss*)
 .bss.estadoProtocolo
                0x2000019c        0x1 ./Core/Src/main.o
                0x2000019c                estadoProtocolo
 *fill*         0x2000019d        0x3 
 .bss.datosComProtocol
                0x200001a0      0x208 ./Core/Src/main.o
                0x200001a0                datosComProtocol
 .bss.flags1    0x200003a8        0x1 ./Core/Src/main.o
                0x200003a8                flags1
 *fill*         0x200003a9        0x3 
 .bss.ir        0x200003ac       0x12 ./Core/Src/main.o
                0x200003ac                ir
 *fill*         0x200003be        0x2 
 .bss.myWord    0x200003c0        0x4 ./Core/Src/main.o
                0x200003c0                myWord
 .bss.hadc1     0x200003c4       0x30 ./Core/Src/main.o
                0x200003c4                hadc1
 .bss.hdma_adc1
                0x200003f4       0x44 ./Core/Src/main.o
                0x200003f4                hdma_adc1
 .bss.hi2c2     0x20000438       0x54 ./Core/Src/main.o
                0x20000438                hi2c2
 .bss.htim1     0x2000048c       0x48 ./Core/Src/main.o
                0x2000048c                htim1
 .bss.htim4     0x200004d4       0x48 ./Core/Src/main.o
                0x200004d4                htim4
 .bss.huart1    0x2000051c       0x48 ./Core/Src/main.o
                0x2000051c                huart1
 .bss.bufADC    0x20000564       0x10 ./Core/Src/main.o
                0x20000564                bufADC
 .bss.nBytes.0  0x20000574        0x1 ./Core/Src/main.o
 *fill*         0x20000575        0x3 
 .bss.uwTick    0x20000578        0x4 ./Drivers/STM32F1xx_HAL_Driver/Src/stm32f1xx_hal.o
                0x20000578                uwTick
 .bss.cfgidx.0  0x2000057c        0x1 ./Middlewares/ST/STM32_USB_Device_Library/Core/Src/usbd_ctlreq.o
 *fill*         0x2000057d        0x3 
 .bss.hUsbDeviceFS
                0x20000580      0x2c4 ./USB_DEVICE/App/usb_device.o
                0x20000580                hUsbDeviceFS
 .bss.UserRxBufferFS
                0x20000844      0x100 ./USB_DEVICE/App/usbd_cdc_if.o
                0x20000844                UserRxBufferFS
 .bss.UserTxBufferFS
                0x20000944      0x100 ./USB_DEVICE/App/usbd_cdc_if.o
                0x20000944                UserTxBufferFS
 .bss.mylineCodeBuf
                0x20000a44        0x7 ./USB_DEVICE/App/usbd_cdc_if.o
                0x20000a44                mylineCodeBuf
 *fill*         0x20000a4b        0x1 
 .bss.aPtrFunRx
                0x20000a4c        0x4 ./USB_DEVICE/App/usbd_cdc_if.o
 .bss.USBD_StrDesc
                0x20000a50      0x200 ./USB_DEVICE/App/usbd_desc.o
                0x20000a50                USBD_StrDesc
 .bss.hpcd_USB_FS
                0x20000c50      0x2f0 ./USB_DEVICE/Target/usbd_conf.o
                0x20000c50                hpcd_USB_FS
 .bss.mem.0     0x20000f40      0x220 ./USB_DEVICE/Target/usbd_conf.o
 *(COMMON)
                0x20001160                        . = ALIGN (0x4)
                0x20001160                        _ebss = .
                0x20001160                        __bss_end__ = _ebss

._user_heap_stack
                0x20001160      0x600 load address 0x0800ac24
                0x20001160                        . = ALIGN (0x8)
                [!provide]                        PROVIDE (end = .)
                0x20001160                        PROVIDE (_end = .)
                0x20001360                        . = (. + _Min_Heap_Size)
 *fill*         0x20001160      0x200 
                0x20001760                        . = (. + _Min_Stack_Size)
 *fill*         0x20001360      0x400 
                0x20001760                        . = ALIGN (0x8)

/DISCARD/
 libc.a(*)
 libm.a(*)
 libgcc.a(*)

.ARM.attributes
                0x00000000       0x29
 *(.ARM.attributes)
 .ARM.attributes
                0x00000000       0x1d D:/Programs/STM32CubeIDE_1.13.1/STM32CubeIDE/plugins/com.st.stm32cube.ide.mcu.externaltools.gnu-tools-for-stm32.12.3.rel1.win32_1.0.100.202403111256/tools/bin/../lib/gcc/arm-none-eabi/12.3.1/thumb/v7-m/nofp/crti.o
 .ARM.attributes
                0x0000001d       0x2d D:/Programs/STM32CubeIDE_1.13.1/STM32CubeIDE/plugins/com.st.stm32cube.ide.mcu.externaltools.gnu-tools-for-stm32.12.3.rel1.win32_1.0.100.202403111256/tools/bin/../lib/gcc/arm-none-eabi/12.3.1/thumb/v7-m/nofp/crtbegin.o
 .ARM.attributes
                0x0000004a       0x2d ./Core/Src/main.o
 .ARM.attributes
                0x00000077       0x2d ./Core/Src/stm32f1xx_hal_msp.o
 .ARM.attributes
                0x000000a4       0x2d ./Core/Src/stm32f1xx_it.o
 .ARM.attributes
                0x000000d1       0x2d ./Core/Src/system_stm32f1xx.o
 .ARM.attributes
                0x000000fe       0x21 ./Core/Startup/startup_stm32f103c8tx.o
 .ARM.attributes
                0x0000011f       0x2d ./Drivers/STM32F1xx_HAL_Driver/Src/stm32f1xx_hal.o
 .ARM.attributes
                0x0000014c       0x2d ./Drivers/STM32F1xx_HAL_Driver/Src/stm32f1xx_hal_adc.o
 .ARM.attributes
                0x00000179       0x2d ./Drivers/STM32F1xx_HAL_Driver/Src/stm32f1xx_hal_cortex.o
 .ARM.attributes
                0x000001a6       0x2d ./Drivers/STM32F1xx_HAL_Driver/Src/stm32f1xx_hal_dma.o
 .ARM.attributes
                0x000001d3       0x2d ./Drivers/STM32F1xx_HAL_Driver/Src/stm32f1xx_hal_gpio.o
 .ARM.attributes
                0x00000200       0x2d ./Drivers/STM32F1xx_HAL_Driver/Src/stm32f1xx_hal_i2c.o
 .ARM.attributes
                0x0000022d       0x2d ./Drivers/STM32F1xx_HAL_Driver/Src/stm32f1xx_hal_pcd.o
 .ARM.attributes
                0x0000025a       0x2d ./Drivers/STM32F1xx_HAL_Driver/Src/stm32f1xx_hal_pcd_ex.o
 .ARM.attributes
                0x00000287       0x2d ./Drivers/STM32F1xx_HAL_Driver/Src/stm32f1xx_hal_rcc.o
 .ARM.attributes
                0x000002b4       0x2d ./Drivers/STM32F1xx_HAL_Driver/Src/stm32f1xx_hal_rcc_ex.o
 .ARM.attributes
                0x000002e1       0x2d ./Drivers/STM32F1xx_HAL_Driver/Src/stm32f1xx_hal_tim.o
 .ARM.attributes
                0x0000030e       0x2d ./Drivers/STM32F1xx_HAL_Driver/Src/stm32f1xx_hal_tim_ex.o
 .ARM.attributes
                0x0000033b       0x2d ./Drivers/STM32F1xx_HAL_Driver/Src/stm32f1xx_hal_uart.o
 .ARM.attributes
                0x00000368       0x2d ./Drivers/STM32F1xx_HAL_Driver/Src/stm32f1xx_ll_usb.o
 .ARM.attributes
                0x00000395       0x2d ./Middlewares/ST/STM32_USB_Device_Library/Class/CDC/Src/usbd_cdc.o
 .ARM.attributes
                0x000003c2       0x2d ./Middlewares/ST/STM32_USB_Device_Library/Core/Src/usbd_core.o
 .ARM.attributes
                0x000003ef       0x2d ./Middlewares/ST/STM32_USB_Device_Library/Core/Src/usbd_ctlreq.o
 .ARM.attributes
                0x0000041c       0x2d ./Middlewares/ST/STM32_USB_Device_Library/Core/Src/usbd_ioreq.o
 .ARM.attributes
                0x00000449       0x2d ./USB_DEVICE/App/usb_device.o
 .ARM.attributes
                0x00000476       0x2d ./USB_DEVICE/App/usbd_cdc_if.o
 .ARM.attributes
                0x000004a3       0x2d ./USB_DEVICE/App/usbd_desc.o
 .ARM.attributes
                0x000004d0       0x2d ./USB_DEVICE/Target/usbd_conf.o
 .ARM.attributes
                0x000004fd       0x2d D:/Programs/STM32CubeIDE_1.13.1/STM32CubeIDE/plugins/com.st.stm32cube.ide.mcu.externaltools.gnu-tools-for-stm32.12.3.rel1.win32_1.0.100.202403111256/tools/bin/../lib/gcc/arm-none-eabi/12.3.1/../../../../arm-none-eabi/lib/thumb/v7-m/nofp\libc_nano.a(libc_a-memset.o)
 .ARM.attributes
                0x0000052a       0x2d D:/Programs/STM32CubeIDE_1.13.1/STM32CubeIDE/plugins/com.st.stm32cube.ide.mcu.externaltools.gnu-tools-for-stm32.12.3.rel1.win32_1.0.100.202403111256/tools/bin/../lib/gcc/arm-none-eabi/12.3.1/../../../../arm-none-eabi/lib/thumb/v7-m/nofp\libc_nano.a(libc_a-init.o)
 .ARM.attributes
                0x00000557       0x1d D:/Programs/STM32CubeIDE_1.13.1/STM32CubeIDE/plugins/com.st.stm32cube.ide.mcu.externaltools.gnu-tools-for-stm32.12.3.rel1.win32_1.0.100.202403111256/tools/bin/../lib/gcc/arm-none-eabi/12.3.1/thumb/v7-m/nofp/crtn.o
OUTPUT(1-BluePill.elf elf32-littlearm)
LOAD linker stubs
LOAD D:/Programs/STM32CubeIDE_1.13.1/STM32CubeIDE/plugins/com.st.stm32cube.ide.mcu.externaltools.gnu-tools-for-stm32.12.3.rel1.win32_1.0.100.202403111256/tools/bin/../lib/gcc/arm-none-eabi/12.3.1/../../../../arm-none-eabi/lib/thumb/v7-m/nofp\libc.a
LOAD D:/Programs/STM32CubeIDE_1.13.1/STM32CubeIDE/plugins/com.st.stm32cube.ide.mcu.externaltools.gnu-tools-for-stm32.12.3.rel1.win32_1.0.100.202403111256/tools/bin/../lib/gcc/arm-none-eabi/12.3.1/../../../../arm-none-eabi/lib/thumb/v7-m/nofp\libm.a
LOAD D:/Programs/STM32CubeIDE_1.13.1/STM32CubeIDE/plugins/com.st.stm32cube.ide.mcu.externaltools.gnu-tools-for-stm32.12.3.rel1.win32_1.0.100.202403111256/tools/bin/../lib/gcc/arm-none-eabi/12.3.1/thumb/v7-m/nofp\libgcc.a

.debug_info     0x00000000    0x193a5
 .debug_info    0x00000000     0x1c9a ./Core/Src/main.o
 .debug_info    0x00001c9a     0x1387 ./Core/Src/stm32f1xx_hal_msp.o
 .debug_info    0x00003021      0xe0f ./Core/Src/stm32f1xx_it.o
 .debug_info    0x00003e30      0x222 ./Core/Src/system_stm32f1xx.o
 .debug_info    0x00004052       0x30 ./Core/Startup/startup_stm32f103c8tx.o
 .debug_info    0x00004082      0x704 ./Drivers/STM32F1xx_HAL_Driver/Src/stm32f1xx_hal.o
 .debug_info    0x00004786      0xc50 ./Drivers/STM32F1xx_HAL_Driver/Src/stm32f1xx_hal_adc.o
 .debug_info    0x000053d6      0xa87 ./Drivers/STM32F1xx_HAL_Driver/Src/stm32f1xx_hal_cortex.o
 .debug_info    0x00005e5d      0x6d2 ./Drivers/STM32F1xx_HAL_Driver/Src/stm32f1xx_hal_dma.o
 .debug_info    0x0000652f      0x5ab ./Drivers/STM32F1xx_HAL_Driver/Src/stm32f1xx_hal_gpio.o
 .debug_info    0x00006ada     0x2515 ./Drivers/STM32F1xx_HAL_Driver/Src/stm32f1xx_hal_i2c.o
 .debug_info    0x00008fef     0x16cf ./Drivers/STM32F1xx_HAL_Driver/Src/stm32f1xx_hal_pcd.o
 .debug_info    0x0000a6be      0x6b6 ./Drivers/STM32F1xx_HAL_Driver/Src/stm32f1xx_hal_pcd_ex.o
 .debug_info    0x0000ad74      0x7d5 ./Drivers/STM32F1xx_HAL_Driver/Src/stm32f1xx_hal_rcc.o
 .debug_info    0x0000b549      0x3c0 ./Drivers/STM32F1xx_HAL_Driver/Src/stm32f1xx_hal_rcc_ex.o
 .debug_info    0x0000b909     0x293b ./Drivers/STM32F1xx_HAL_Driver/Src/stm32f1xx_hal_tim.o
 .debug_info    0x0000e244     0x149b ./Drivers/STM32F1xx_HAL_Driver/Src/stm32f1xx_hal_tim_ex.o
 .debug_info    0x0000f6df     0x2fa8 ./Drivers/STM32F1xx_HAL_Driver/Src/stm32f1xx_hal_uart.o
 .debug_info    0x00012687     0x17a2 ./Drivers/STM32F1xx_HAL_Driver/Src/stm32f1xx_ll_usb.o
 .debug_info    0x00013e29     0x1036 ./Middlewares/ST/STM32_USB_Device_Library/Class/CDC/Src/usbd_cdc.o
 .debug_info    0x00014e5f      0xa52 ./Middlewares/ST/STM32_USB_Device_Library/Core/Src/usbd_core.o
 .debug_info    0x000158b1      0x91c ./Middlewares/ST/STM32_USB_Device_Library/Core/Src/usbd_ctlreq.o
 .debug_info    0x000161cd      0x6a0 ./Middlewares/ST/STM32_USB_Device_Library/Core/Src/usbd_ioreq.o
 .debug_info    0x0001686d      0x63d ./USB_DEVICE/App/usb_device.o
 .debug_info    0x00016eaa      0x85a ./USB_DEVICE/App/usbd_cdc_if.o
 .debug_info    0x00017704      0x44a ./USB_DEVICE/App/usbd_desc.o
 .debug_info    0x00017b4e     0x1857 ./USB_DEVICE/Target/usbd_conf.o

.debug_abbrev   0x00000000     0x3baf
 .debug_abbrev  0x00000000      0x3cd ./Core/Src/main.o
 .debug_abbrev  0x000003cd      0x25d ./Core/Src/stm32f1xx_hal_msp.o
 .debug_abbrev  0x0000062a      0x1cd ./Core/Src/stm32f1xx_it.o
 .debug_abbrev  0x000007f7      0x13f ./Core/Src/system_stm32f1xx.o
 .debug_abbrev  0x00000936       0x24 ./Core/Startup/startup_stm32f103c8tx.o
 .debug_abbrev  0x0000095a      0x201 ./Drivers/STM32F1xx_HAL_Driver/Src/stm32f1xx_hal.o
 .debug_abbrev  0x00000b5b      0x225 ./Drivers/STM32F1xx_HAL_Driver/Src/stm32f1xx_hal_adc.o
 .debug_abbrev  0x00000d80      0x2f8 ./Drivers/STM32F1xx_HAL_Driver/Src/stm32f1xx_hal_cortex.o
 .debug_abbrev  0x00001078      0x20b ./Drivers/STM32F1xx_HAL_Driver/Src/stm32f1xx_hal_dma.o
 .debug_abbrev  0x00001283      0x1ca ./Drivers/STM32F1xx_HAL_Driver/Src/stm32f1xx_hal_gpio.o
 .debug_abbrev  0x0000144d      0x2a3 ./Drivers/STM32F1xx_HAL_Driver/Src/stm32f1xx_hal_i2c.o
 .debug_abbrev  0x000016f0      0x2d6 ./Drivers/STM32F1xx_HAL_Driver/Src/stm32f1xx_hal_pcd.o
 .debug_abbrev  0x000019c6      0x189 ./Drivers/STM32F1xx_HAL_Driver/Src/stm32f1xx_hal_pcd_ex.o
 .debug_abbrev  0x00001b4f      0x2b3 ./Drivers/STM32F1xx_HAL_Driver/Src/stm32f1xx_hal_rcc.o
 .debug_abbrev  0x00001e02      0x188 ./Drivers/STM32F1xx_HAL_Driver/Src/stm32f1xx_hal_rcc_ex.o
 .debug_abbrev  0x00001f8a      0x277 ./Drivers/STM32F1xx_HAL_Driver/Src/stm32f1xx_hal_tim.o
 .debug_abbrev  0x00002201      0x282 ./Drivers/STM32F1xx_HAL_Driver/Src/stm32f1xx_hal_tim_ex.o
 .debug_abbrev  0x00002483      0x2f8 ./Drivers/STM32F1xx_HAL_Driver/Src/stm32f1xx_hal_uart.o
 .debug_abbrev  0x0000277b      0x1de ./Drivers/STM32F1xx_HAL_Driver/Src/stm32f1xx_ll_usb.o
 .debug_abbrev  0x00002959      0x2d3 ./Middlewares/ST/STM32_USB_Device_Library/Class/CDC/Src/usbd_cdc.o
 .debug_abbrev  0x00002c2c      0x24a ./Middlewares/ST/STM32_USB_Device_Library/Core/Src/usbd_core.o
 .debug_abbrev  0x00002e76      0x26b ./Middlewares/ST/STM32_USB_Device_Library/Core/Src/usbd_ctlreq.o
 .debug_abbrev  0x000030e1      0x192 ./Middlewares/ST/STM32_USB_Device_Library/Core/Src/usbd_ioreq.o
 .debug_abbrev  0x00003273      0x18d ./USB_DEVICE/App/usb_device.o
 .debug_abbrev  0x00003400      0x29a ./USB_DEVICE/App/usbd_cdc_if.o
 .debug_abbrev  0x0000369a      0x1ff ./USB_DEVICE/App/usbd_desc.o
 .debug_abbrev  0x00003899      0x316 ./USB_DEVICE/Target/usbd_conf.o

.debug_aranges  0x00000000     0x1690
 .debug_aranges
                0x00000000       0xa0 ./Core/Src/main.o
 .debug_aranges
                0x000000a0       0x60 ./Core/Src/stm32f1xx_hal_msp.o
 .debug_aranges
                0x00000100       0x80 ./Core/Src/stm32f1xx_it.o
 .debug_aranges
                0x00000180       0x28 ./Core/Src/system_stm32f1xx.o
 .debug_aranges
                0x000001a8       0x28 ./Core/Startup/startup_stm32f103c8tx.o
 .debug_aranges
                0x000001d0       0xe0 ./Drivers/STM32F1xx_HAL_Driver/Src/stm32f1xx_hal.o
 .debug_aranges
                0x000002b0       0xf0 ./Drivers/STM32F1xx_HAL_Driver/Src/stm32f1xx_hal_adc.o
 .debug_aranges
                0x000003a0      0x100 ./Drivers/STM32F1xx_HAL_Driver/Src/stm32f1xx_hal_cortex.o
 .debug_aranges
                0x000004a0       0x80 ./Drivers/STM32F1xx_HAL_Driver/Src/stm32f1xx_hal_dma.o
 .debug_aranges
                0x00000520       0x58 ./Drivers/STM32F1xx_HAL_Driver/Src/stm32f1xx_hal_gpio.o
 .debug_aranges
                0x00000578      0x2a8 ./Drivers/STM32F1xx_HAL_Driver/Src/stm32f1xx_hal_i2c.o
 .debug_aranges
                0x00000820      0x140 ./Drivers/STM32F1xx_HAL_Driver/Src/stm32f1xx_hal_pcd.o
 .debug_aranges
                0x00000960       0x38 ./Drivers/STM32F1xx_HAL_Driver/Src/stm32f1xx_hal_pcd_ex.o
 .debug_aranges
                0x00000998       0x90 ./Drivers/STM32F1xx_HAL_Driver/Src/stm32f1xx_hal_rcc.o
 .debug_aranges
                0x00000a28       0x30 ./Drivers/STM32F1xx_HAL_Driver/Src/stm32f1xx_hal_rcc_ex.o
 .debug_aranges
                0x00000a58      0x3d0 ./Drivers/STM32F1xx_HAL_Driver/Src/stm32f1xx_hal_tim.o
 .debug_aranges
                0x00000e28      0x168 ./Drivers/STM32F1xx_HAL_Driver/Src/stm32f1xx_hal_tim_ex.o
 .debug_aranges
                0x00000f90      0x208 ./Drivers/STM32F1xx_HAL_Driver/Src/stm32f1xx_hal_uart.o
 .debug_aranges
                0x00001198       0xf8 ./Drivers/STM32F1xx_HAL_Driver/Src/stm32f1xx_ll_usb.o
 .debug_aranges
                0x00001290       0x90 ./Middlewares/ST/STM32_USB_Device_Library/Class/CDC/Src/usbd_cdc.o
 .debug_aranges
                0x00001320       0xb8 ./Middlewares/ST/STM32_USB_Device_Library/Core/Src/usbd_core.o
 .debug_aranges
                0x000013d8       0x88 ./Middlewares/ST/STM32_USB_Device_Library/Core/Src/usbd_ctlreq.o
 .debug_aranges
                0x00001460       0x50 ./Middlewares/ST/STM32_USB_Device_Library/Core/Src/usbd_ioreq.o
 .debug_aranges
                0x000014b0       0x20 ./USB_DEVICE/App/usb_device.o
 .debug_aranges
                0x000014d0       0x48 ./USB_DEVICE/App/usbd_cdc_if.o
 .debug_aranges
                0x00001518       0x60 ./USB_DEVICE/App/usbd_desc.o
 .debug_aranges
                0x00001578      0x118 ./USB_DEVICE/Target/usbd_conf.o

.debug_rnglists
                0x00000000     0x1191
 .debug_rnglists
                0x00000000       0x7d ./Core/Src/main.o
 .debug_rnglists
                0x0000007d       0x46 ./Core/Src/stm32f1xx_hal_msp.o
 .debug_rnglists
                0x000000c3       0x5b ./Core/Src/stm32f1xx_it.o
 .debug_rnglists
                0x0000011e       0x1a ./Core/Src/system_stm32f1xx.o
 .debug_rnglists
                0x00000138       0x19 ./Core/Startup/startup_stm32f103c8tx.o
 .debug_rnglists
                0x00000151       0xa3 ./Drivers/STM32F1xx_HAL_Driver/Src/stm32f1xx_hal.o
 .debug_rnglists
                0x000001f4       0xbc ./Drivers/STM32F1xx_HAL_Driver/Src/stm32f1xx_hal_adc.o
 .debug_rnglists
                0x000002b0       0xbb ./Drivers/STM32F1xx_HAL_Driver/Src/stm32f1xx_hal_cortex.o
 .debug_rnglists
                0x0000036b       0x64 ./Drivers/STM32F1xx_HAL_Driver/Src/stm32f1xx_hal_dma.o
 .debug_rnglists
                0x000003cf       0x3f ./Drivers/STM32F1xx_HAL_Driver/Src/stm32f1xx_hal_gpio.o
 .debug_rnglists
                0x0000040e      0x23c ./Drivers/STM32F1xx_HAL_Driver/Src/stm32f1xx_hal_i2c.o
 .debug_rnglists
                0x0000064a       0xf4 ./Drivers/STM32F1xx_HAL_Driver/Src/stm32f1xx_hal_pcd.o
 .debug_rnglists
                0x0000073e       0x26 ./Drivers/STM32F1xx_HAL_Driver/Src/stm32f1xx_hal_pcd_ex.o
 .debug_rnglists
                0x00000764       0x6c ./Drivers/STM32F1xx_HAL_Driver/Src/stm32f1xx_hal_rcc.o
 .debug_rnglists
                0x000007d0       0x21 ./Drivers/STM32F1xx_HAL_Driver/Src/stm32f1xx_hal_rcc_ex.o
 .debug_rnglists
                0x000007f1      0x31a ./Drivers/STM32F1xx_HAL_Driver/Src/stm32f1xx_hal_tim.o
 .debug_rnglists
                0x00000b0b      0x125 ./Drivers/STM32F1xx_HAL_Driver/Src/stm32f1xx_hal_tim_ex.o
 .debug_rnglists
                0x00000c30      0x1bc ./Drivers/STM32F1xx_HAL_Driver/Src/stm32f1xx_hal_uart.o
 .debug_rnglists
                0x00000dec       0xbd ./Drivers/STM32F1xx_HAL_Driver/Src/stm32f1xx_ll_usb.o
 .debug_rnglists
                0x00000ea9       0x6a ./Middlewares/ST/STM32_USB_Device_Library/Class/CDC/Src/usbd_cdc.o
 .debug_rnglists
                0x00000f13       0x89 ./Middlewares/ST/STM32_USB_Device_Library/Core/Src/usbd_core.o
 .debug_rnglists
                0x00000f9c       0x68 ./Middlewares/ST/STM32_USB_Device_Library/Core/Src/usbd_ctlreq.o
 .debug_rnglists
                0x00001004       0x37 ./Middlewares/ST/STM32_USB_Device_Library/Core/Src/usbd_ioreq.o
 .debug_rnglists
                0x0000103b       0x13 ./USB_DEVICE/App/usb_device.o
 .debug_rnglists
                0x0000104e       0x32 ./USB_DEVICE/App/usbd_cdc_if.o
 .debug_rnglists
                0x00001080       0x43 ./USB_DEVICE/App/usbd_desc.o
 .debug_rnglists
                0x000010c3       0xce ./USB_DEVICE/Target/usbd_conf.o

.debug_macro    0x00000000    0x1b5c2
 .debug_macro   0x00000000      0x3c2 ./Core/Src/main.o
 .debug_macro   0x000003c2      0xaa8 ./Core/Src/main.o
 .debug_macro   0x00000e6a      0x233 ./Core/Src/main.o
 .debug_macro   0x0000109d       0x2e ./Core/Src/main.o
 .debug_macro   0x000010cb       0x22 ./Core/Src/main.o
 .debug_macro   0x000010ed       0x22 ./Core/Src/main.o
 .debug_macro   0x0000110f       0x8e ./Core/Src/main.o
 .debug_macro   0x0000119d       0x51 ./Core/Src/main.o
 .debug_macro   0x000011ee      0x103 ./Core/Src/main.o
 .debug_macro   0x000012f1       0x6a ./Core/Src/main.o
 .debug_macro   0x0000135b      0x1df ./Core/Src/main.o
 .debug_macro   0x0000153a       0x1c ./Core/Src/main.o
 .debug_macro   0x00001556       0x22 ./Core/Src/main.o
 .debug_macro   0x00001578       0xbd ./Core/Src/main.o
 .debug_macro   0x00001635      0xd23 ./Core/Src/main.o
 .debug_macro   0x00002358     0xe09e ./Core/Src/main.o
 .debug_macro   0x000103f6       0x6d ./Core/Src/main.o
 .debug_macro   0x00010463     0x348d ./Core/Src/main.o
 .debug_macro   0x000138f0      0x189 ./Core/Src/main.o
 .debug_macro   0x00013a79       0x5c ./Core/Src/main.o
 .debug_macro   0x00013ad5      0x5bc ./Core/Src/main.o
 .debug_macro   0x00014091      0x289 ./Core/Src/main.o
 .debug_macro   0x0001431a      0x1cb ./Core/Src/main.o
 .debug_macro   0x000144e5      0x114 ./Core/Src/main.o
 .debug_macro   0x000145f9      0x1b2 ./Core/Src/main.o
 .debug_macro   0x000147ab       0x27 ./Core/Src/main.o
 .debug_macro   0x000147d2      0x136 ./Core/Src/main.o
 .debug_macro   0x00014908      0x1bc ./Core/Src/main.o
 .debug_macro   0x00014ac4       0x34 ./Core/Src/main.o
 .debug_macro   0x00014af8       0x3c ./Core/Src/main.o
 .debug_macro   0x00014b34       0x57 ./Core/Src/main.o
 .debug_macro   0x00014b8b      0x46a ./Core/Src/main.o
 .debug_macro   0x00014ff5      0x1b5 ./Core/Src/main.o
 .debug_macro   0x000151aa       0x87 ./Core/Src/main.o
 .debug_macro   0x00015231      0x240 ./Core/Src/main.o
 .debug_macro   0x00015471      0x287 ./Core/Src/main.o
 .debug_macro   0x000156f8      0x140 ./Core/Src/main.o
 .debug_macro   0x00015838      0x8ed ./Core/Src/main.o
 .debug_macro   0x00016125      0x28e ./Core/Src/main.o
 .debug_macro   0x000163b3       0xab ./Core/Src/main.o
 .debug_macro   0x0001645e      0x242 ./Core/Src/main.o
 .debug_macro   0x000166a0       0x83 ./Core/Src/main.o
 .debug_macro   0x00016723       0x1c ./Core/Src/main.o
 .debug_macro   0x0001673f       0x61 ./Core/Src/main.o
 .debug_macro   0x000167a0       0x24 ./Core/Src/main.o
 .debug_macro   0x000167c4       0x43 ./Core/Src/main.o
 .debug_macro   0x00016807       0x34 ./Core/Src/main.o
 .debug_macro   0x0001683b       0x16 ./Core/Src/main.o
 .debug_macro   0x00016851       0x35 ./Core/Src/main.o
 .debug_macro   0x00016886      0x369 ./Core/Src/main.o
 .debug_macro   0x00016bef       0x10 ./Core/Src/main.o
 .debug_macro   0x00016bff       0x16 ./Core/Src/main.o
 .debug_macro   0x00016c15       0x43 ./Core/Src/main.o
 .debug_macro   0x00016c58       0x34 ./Core/Src/main.o
 .debug_macro   0x00016c8c       0x10 ./Core/Src/main.o
 .debug_macro   0x00016c9c       0x58 ./Core/Src/main.o
 .debug_macro   0x00016cf4       0x8e ./Core/Src/main.o
 .debug_macro   0x00016d82       0x1c ./Core/Src/main.o
 .debug_macro   0x00016d9e      0x177 ./Core/Src/main.o
 .debug_macro   0x00016f15       0x16 ./Core/Src/main.o
 .debug_macro   0x00016f2b       0x16 ./Core/Src/main.o
 .debug_macro   0x00016f41      0x146 ./Core/Src/main.o
 .debug_macro   0x00017087       0x16 ./Core/Src/main.o
 .debug_macro   0x0001709d       0x16 ./Core/Src/main.o
 .debug_macro   0x000170b3       0x29 ./Core/Src/main.o
 .debug_macro   0x000170dc       0x16 ./Core/Src/main.o
 .debug_macro   0x000170f2       0x20 ./Core/Src/main.o
 .debug_macro   0x00017112       0x5f ./Core/Src/main.o
 .debug_macro   0x00017171      0x1c8 ./Core/Src/main.o
 .debug_macro   0x00017339       0x8f ./Core/Src/main.o
 .debug_macro   0x000173c8       0x10 ./Core/Src/main.o
 .debug_macro   0x000173d8      0x1f4 ./Core/Src/stm32f1xx_hal_msp.o
 .debug_macro   0x000175cc      0x1fe ./Core/Src/stm32f1xx_it.o
 .debug_macro   0x000177ca      0x1e5 ./Core/Src/system_stm32f1xx.o
 .debug_macro   0x000179af      0x209 ./Drivers/STM32F1xx_HAL_Driver/Src/stm32f1xx_hal.o
 .debug_macro   0x00017bb8      0x202 ./Drivers/STM32F1xx_HAL_Driver/Src/stm32f1xx_hal_adc.o
 .debug_macro   0x00017dba      0x1e5 ./Drivers/STM32F1xx_HAL_Driver/Src/stm32f1xx_hal_cortex.o
 .debug_macro   0x00017f9f      0x1e5 ./Drivers/STM32F1xx_HAL_Driver/Src/stm32f1xx_hal_dma.o
 .debug_macro   0x00018184      0x250 ./Drivers/STM32F1xx_HAL_Driver/Src/stm32f1xx_hal_gpio.o
 .debug_macro   0x000183d4      0x233 ./Drivers/STM32F1xx_HAL_Driver/Src/stm32f1xx_hal_i2c.o
 .debug_macro   0x00018607      0x1f1 ./Drivers/STM32F1xx_HAL_Driver/Src/stm32f1xx_hal_pcd.o
 .debug_macro   0x000187f8      0x1e5 ./Drivers/STM32F1xx_HAL_Driver/Src/stm32f1xx_hal_pcd_ex.o
 .debug_macro   0x000189dd      0x1f7 ./Drivers/STM32F1xx_HAL_Driver/Src/stm32f1xx_hal_rcc.o
 .debug_macro   0x00018bd4      0x1e5 ./Drivers/STM32F1xx_HAL_Driver/Src/stm32f1xx_hal_rcc_ex.o
 .debug_macro   0x00018db9      0x1e6 ./Drivers/STM32F1xx_HAL_Driver/Src/stm32f1xx_hal_tim.o
 .debug_macro   0x00018f9f      0x1e5 ./Drivers/STM32F1xx_HAL_Driver/Src/stm32f1xx_hal_tim_ex.o
 .debug_macro   0x00019184      0x1e6 ./Drivers/STM32F1xx_HAL_Driver/Src/stm32f1xx_hal_uart.o
 .debug_macro   0x0001936a      0x1e5 ./Drivers/STM32F1xx_HAL_Driver/Src/stm32f1xx_ll_usb.o
 .debug_macro   0x0001954f      0x383 ./Middlewares/ST/STM32_USB_Device_Library/Class/CDC/Src/usbd_cdc.o
 .debug_macro   0x000198d2       0x9e ./Middlewares/ST/STM32_USB_Device_Library/Class/CDC/Src/usbd_cdc.o
 .debug_macro   0x00019970      0x10b ./Middlewares/ST/STM32_USB_Device_Library/Class/CDC/Src/usbd_cdc.o
 .debug_macro   0x00019a7b       0x56 ./Middlewares/ST/STM32_USB_Device_Library/Class/CDC/Src/usbd_cdc.o
 .debug_macro   0x00019ad1      0x36a ./Middlewares/ST/STM32_USB_Device_Library/Core/Src/usbd_core.o
 .debug_macro   0x00019e3b      0x1ce ./Middlewares/ST/STM32_USB_Device_Library/Core/Src/usbd_core.o
 .debug_macro   0x0001a009      0x374 ./Middlewares/ST/STM32_USB_Device_Library/Core/Src/usbd_ctlreq.o
 .debug_macro   0x0001a37d      0x370 ./Middlewares/ST/STM32_USB_Device_Library/Core/Src/usbd_ioreq.o
 .debug_macro   0x0001a6ed      0x3a3 ./USB_DEVICE/App/usb_device.o
 .debug_macro   0x0001aa90       0x22 ./USB_DEVICE/App/usb_device.o
 .debug_macro   0x0001aab2       0x22 ./USB_DEVICE/App/usb_device.o
 .debug_macro   0x0001aad4       0x16 ./USB_DEVICE/App/usb_device.o
 .debug_macro   0x0001aaea      0x38e ./USB_DEVICE/App/usbd_cdc_if.o
 .debug_macro   0x0001ae78      0x3a7 ./USB_DEVICE/App/usbd_desc.o
 .debug_macro   0x0001b21f       0x1c ./USB_DEVICE/App/usbd_desc.o
 .debug_macro   0x0001b23b      0x387 ./USB_DEVICE/Target/usbd_conf.o

.debug_line     0x00000000    0x1d2d3
 .debug_line    0x00000000     0x1285 ./Core/Src/main.o
 .debug_line    0x00001285      0x8e5 ./Core/Src/stm32f1xx_hal_msp.o
 .debug_line    0x00001b6a      0x89e ./Core/Src/stm32f1xx_it.o
 .debug_line    0x00002408      0x7fa ./Core/Src/system_stm32f1xx.o
 .debug_line    0x00002c02       0x78 ./Core/Startup/startup_stm32f103c8tx.o
 .debug_line    0x00002c7a      0xa27 ./Drivers/STM32F1xx_HAL_Driver/Src/stm32f1xx_hal.o
 .debug_line    0x000036a1     0x10a4 ./Drivers/STM32F1xx_HAL_Driver/Src/stm32f1xx_hal_adc.o
 .debug_line    0x00004745      0xc13 ./Drivers/STM32F1xx_HAL_Driver/Src/stm32f1xx_hal_cortex.o
 .debug_line    0x00005358      0xe80 ./Drivers/STM32F1xx_HAL_Driver/Src/stm32f1xx_hal_dma.o
 .debug_line    0x000061d8      0xac0 ./Drivers/STM32F1xx_HAL_Driver/Src/stm32f1xx_hal_gpio.o
 .debug_line    0x00006c98     0x3c94 ./Drivers/STM32F1xx_HAL_Driver/Src/stm32f1xx_hal_i2c.o
 .debug_line    0x0000a92c     0x1482 ./Drivers/STM32F1xx_HAL_Driver/Src/stm32f1xx_hal_pcd.o
 .debug_line    0x0000bdae      0x7f5 ./Drivers/STM32F1xx_HAL_Driver/Src/stm32f1xx_hal_pcd_ex.o
 .debug_line    0x0000c5a3      0xe30 ./Drivers/STM32F1xx_HAL_Driver/Src/stm32f1xx_hal_rcc.o
 .debug_line    0x0000d3d3      0x971 ./Drivers/STM32F1xx_HAL_Driver/Src/stm32f1xx_hal_rcc_ex.o
 .debug_line    0x0000dd44     0x3531 ./Drivers/STM32F1xx_HAL_Driver/Src/stm32f1xx_hal_tim.o
 .debug_line    0x00011275     0x1986 ./Drivers/STM32F1xx_HAL_Driver/Src/stm32f1xx_hal_tim_ex.o
 .debug_line    0x00012bfb     0x2970 ./Drivers/STM32F1xx_HAL_Driver/Src/stm32f1xx_hal_uart.o
 .debug_line    0x0001556b     0x10f8 ./Drivers/STM32F1xx_HAL_Driver/Src/stm32f1xx_ll_usb.o
 .debug_line    0x00016663      0xe6e ./Middlewares/ST/STM32_USB_Device_Library/Class/CDC/Src/usbd_cdc.o
 .debug_line    0x000174d1      0xeea ./Middlewares/ST/STM32_USB_Device_Library/Core/Src/usbd_core.o
 .debug_line    0x000183bb     0x112a ./Middlewares/ST/STM32_USB_Device_Library/Core/Src/usbd_ctlreq.o
 .debug_line    0x000194e5      0xb80 ./Middlewares/ST/STM32_USB_Device_Library/Core/Src/usbd_ioreq.o
 .debug_line    0x0001a065      0xb40 ./USB_DEVICE/App/usb_device.o
 .debug_line    0x0001aba5      0xbfd ./USB_DEVICE/App/usbd_cdc_if.o
 .debug_line    0x0001b7a2      0xc09 ./USB_DEVICE/App/usbd_desc.o
 .debug_line    0x0001c3ab      0xf28 ./USB_DEVICE/Target/usbd_conf.o

.debug_str      0x00000000    0x96937
 .debug_str     0x00000000    0x9188a ./Core/Src/main.o
                              0x91e1c (size before relaxing)
 .debug_str     0x0009188a      0x13d ./Core/Src/stm32f1xx_hal_msp.o
                              0x8d262 (size before relaxing)
 .debug_str     0x000919c7      0x432 ./Core/Src/stm32f1xx_it.o
                              0x8ce20 (size before relaxing)
 .debug_str     0x00091df9       0x7e ./Core/Src/system_stm32f1xx.o
                              0x8c326 (size before relaxing)
 .debug_str     0x00091e77       0x44 ./Core/Startup/startup_stm32f103c8tx.o
                                 0x99 (size before relaxing)
 .debug_str     0x00091ebb      0x384 ./Drivers/STM32F1xx_HAL_Driver/Src/stm32f1xx_hal.o
                              0x8ca59 (size before relaxing)
 .debug_str     0x0009223f      0x35d ./Drivers/STM32F1xx_HAL_Driver/Src/stm32f1xx_hal_adc.o
                              0x8ca0a (size before relaxing)
 .debug_str     0x0009259c      0x262 ./Drivers/STM32F1xx_HAL_Driver/Src/stm32f1xx_hal_cortex.o
                              0x8c9a5 (size before relaxing)
 .debug_str     0x000927fe      0x1e7 ./Drivers/STM32F1xx_HAL_Driver/Src/stm32f1xx_hal_dma.o
                              0x8c6cf (size before relaxing)
 .debug_str     0x000929e5      0x2ce ./Drivers/STM32F1xx_HAL_Driver/Src/stm32f1xx_hal_gpio.o
                              0x8c6ac (size before relaxing)
 .debug_str     0x00092cb3      0xb85 ./Drivers/STM32F1xx_HAL_Driver/Src/stm32f1xx_hal_i2c.o
                              0x8d3ed (size before relaxing)
 .debug_str     0x00093838      0x5bd ./Drivers/STM32F1xx_HAL_Driver/Src/stm32f1xx_hal_pcd.o
                              0x8cc38 (size before relaxing)
 .debug_str     0x00093df5      0x170 ./Drivers/STM32F1xx_HAL_Driver/Src/stm32f1xx_hal_pcd_ex.o
                              0x8c79a (size before relaxing)
 .debug_str     0x00093f65      0x209 ./Drivers/STM32F1xx_HAL_Driver/Src/stm32f1xx_hal_rcc.o
                              0x8c755 (size before relaxing)
 .debug_str     0x0009416e       0x84 ./Drivers/STM32F1xx_HAL_Driver/Src/stm32f1xx_hal_rcc_ex.o
                              0x8c4a5 (size before relaxing)
 .debug_str     0x000941f2      0xd95 ./Drivers/STM32F1xx_HAL_Driver/Src/stm32f1xx_hal_tim.o
                              0x8d747 (size before relaxing)
 .debug_str     0x00094f87      0x493 ./Drivers/STM32F1xx_HAL_Driver/Src/stm32f1xx_hal_tim_ex.o
                              0x8cf63 (size before relaxing)
 .debug_str     0x0009541a      0x5c3 ./Drivers/STM32F1xx_HAL_Driver/Src/stm32f1xx_hal_uart.o
                              0x8cdc6 (size before relaxing)
 .debug_str     0x000959dd      0x129 ./Drivers/STM32F1xx_HAL_Driver/Src/stm32f1xx_ll_usb.o
                              0x8c7ec (size before relaxing)
 .debug_str     0x00095b06      0x619 ./Middlewares/ST/STM32_USB_Device_Library/Class/CDC/Src/usbd_cdc.o
                              0x91240 (size before relaxing)
 .debug_str     0x0009611f      0x281 ./Middlewares/ST/STM32_USB_Device_Library/Core/Src/usbd_core.o
                              0x90b7b (size before relaxing)
 .debug_str     0x000963a0      0x120 ./Middlewares/ST/STM32_USB_Device_Library/Core/Src/usbd_ctlreq.o
                              0x90a95 (size before relaxing)
 .debug_str     0x000964c0       0x51 ./Middlewares/ST/STM32_USB_Device_Library/Core/Src/usbd_ioreq.o
                              0x909c2 (size before relaxing)
 .debug_str     0x00096511       0xc6 ./USB_DEVICE/App/usb_device.o
                              0x90d4b (size before relaxing)
 .debug_str     0x000965d7       0x9a ./USB_DEVICE/App/usbd_cdc_if.o
                              0x90da6 (size before relaxing)
 .debug_str     0x00096671      0x259 ./USB_DEVICE/App/usbd_desc.o
                              0x908ff (size before relaxing)
 .debug_str     0x000968ca       0x6d ./USB_DEVICE/Target/usbd_conf.o
                              0x917cd (size before relaxing)

.comment        0x00000000       0x43
 .comment       0x00000000       0x43 ./Core/Src/main.o
                                 0x44 (size before relaxing)
 .comment       0x00000043       0x44 ./Core/Src/stm32f1xx_hal_msp.o
 .comment       0x00000043       0x44 ./Core/Src/stm32f1xx_it.o
 .comment       0x00000043       0x44 ./Core/Src/system_stm32f1xx.o
 .comment       0x00000043       0x44 ./Drivers/STM32F1xx_HAL_Driver/Src/stm32f1xx_hal.o
 .comment       0x00000043       0x44 ./Drivers/STM32F1xx_HAL_Driver/Src/stm32f1xx_hal_adc.o
 .comment       0x00000043       0x44 ./Drivers/STM32F1xx_HAL_Driver/Src/stm32f1xx_hal_cortex.o
 .comment       0x00000043       0x44 ./Drivers/STM32F1xx_HAL_Driver/Src/stm32f1xx_hal_dma.o
 .comment       0x00000043       0x44 ./Drivers/STM32F1xx_HAL_Driver/Src/stm32f1xx_hal_gpio.o
 .comment       0x00000043       0x44 ./Drivers/STM32F1xx_HAL_Driver/Src/stm32f1xx_hal_i2c.o
 .comment       0x00000043       0x44 ./Drivers/STM32F1xx_HAL_Driver/Src/stm32f1xx_hal_pcd.o
 .comment       0x00000043       0x44 ./Drivers/STM32F1xx_HAL_Driver/Src/stm32f1xx_hal_pcd_ex.o
 .comment       0x00000043       0x44 ./Drivers/STM32F1xx_HAL_Driver/Src/stm32f1xx_hal_rcc.o
 .comment       0x00000043       0x44 ./Drivers/STM32F1xx_HAL_Driver/Src/stm32f1xx_hal_rcc_ex.o
 .comment       0x00000043       0x44 ./Drivers/STM32F1xx_HAL_Driver/Src/stm32f1xx_hal_tim.o
 .comment       0x00000043       0x44 ./Drivers/STM32F1xx_HAL_Driver/Src/stm32f1xx_hal_tim_ex.o
 .comment       0x00000043       0x44 ./Drivers/STM32F1xx_HAL_Driver/Src/stm32f1xx_hal_uart.o
 .comment       0x00000043       0x44 ./Drivers/STM32F1xx_HAL_Driver/Src/stm32f1xx_ll_usb.o
 .comment       0x00000043       0x44 ./Middlewares/ST/STM32_USB_Device_Library/Class/CDC/Src/usbd_cdc.o
 .comment       0x00000043       0x44 ./Middlewares/ST/STM32_USB_Device_Library/Core/Src/usbd_core.o
 .comment       0x00000043       0x44 ./Middlewares/ST/STM32_USB_Device_Library/Core/Src/usbd_ctlreq.o
 .comment       0x00000043       0x44 ./Middlewares/ST/STM32_USB_Device_Library/Core/Src/usbd_ioreq.o
 .comment       0x00000043       0x44 ./USB_DEVICE/App/usb_device.o
 .comment       0x00000043       0x44 ./USB_DEVICE/App/usbd_cdc_if.o
 .comment       0x00000043       0x44 ./USB_DEVICE/App/usbd_desc.o
 .comment       0x00000043       0x44 ./USB_DEVICE/Target/usbd_conf.o

.debug_frame    0x00000000     0x5f2c
 .debug_frame   0x00000000      0x268 ./Core/Src/main.o
 .debug_frame   0x00000268      0x158 ./Core/Src/stm32f1xx_hal_msp.o
 .debug_frame   0x000003c0      0x174 ./Core/Src/stm32f1xx_it.o
 .debug_frame   0x00000534       0x58 ./Core/Src/system_stm32f1xx.o
 .debug_frame   0x0000058c      0x334 ./Drivers/STM32F1xx_HAL_Driver/Src/stm32f1xx_hal.o
 .debug_frame   0x000008c0      0x40c ./Drivers/STM32F1xx_HAL_Driver/Src/stm32f1xx_hal_adc.o
 .debug_frame   0x00000ccc      0x428 ./Drivers/STM32F1xx_HAL_Driver/Src/stm32f1xx_hal_cortex.o
 .debug_frame   0x000010f4      0x208 ./Drivers/STM32F1xx_HAL_Driver/Src/stm32f1xx_hal_dma.o
 .debug_frame   0x000012fc      0x14c ./Drivers/STM32F1xx_HAL_Driver/Src/stm32f1xx_hal_gpio.o
 .debug_frame   0x00001448      0xc84 ./Drivers/STM32F1xx_HAL_Driver/Src/stm32f1xx_hal_i2c.o
 .debug_frame   0x000020cc      0x59c ./Drivers/STM32F1xx_HAL_Driver/Src/stm32f1xx_hal_pcd.o
 .debug_frame   0x00002668       0xb0 ./Drivers/STM32F1xx_HAL_Driver/Src/stm32f1xx_hal_pcd_ex.o
 .debug_frame   0x00002718      0x218 ./Drivers/STM32F1xx_HAL_Driver/Src/stm32f1xx_hal_rcc.o
 .debug_frame   0x00002930       0x80 ./Drivers/STM32F1xx_HAL_Driver/Src/stm32f1xx_hal_rcc_ex.o
 .debug_frame   0x000029b0     0x11bc ./Drivers/STM32F1xx_HAL_Driver/Src/stm32f1xx_hal_tim.o
 .debug_frame   0x00003b6c      0x638 ./Drivers/STM32F1xx_HAL_Driver/Src/stm32f1xx_hal_tim_ex.o
 .debug_frame   0x000041a4      0x944 ./Drivers/STM32F1xx_HAL_Driver/Src/stm32f1xx_hal_uart.o
 .debug_frame   0x00004ae8      0x478 ./Drivers/STM32F1xx_HAL_Driver/Src/stm32f1xx_ll_usb.o
 .debug_frame   0x00004f60      0x248 ./Middlewares/ST/STM32_USB_Device_Library/Class/CDC/Src/usbd_cdc.o
 .debug_frame   0x000051a8      0x300 ./Middlewares/ST/STM32_USB_Device_Library/Core/Src/usbd_core.o
 .debug_frame   0x000054a8      0x218 ./Middlewares/ST/STM32_USB_Device_Library/Core/Src/usbd_ctlreq.o
 .debug_frame   0x000056c0      0x10c ./Middlewares/ST/STM32_USB_Device_Library/Core/Src/usbd_ioreq.o
 .debug_frame   0x000057cc       0x2c ./USB_DEVICE/App/usb_device.o
 .debug_frame   0x000057f8       0xe4 ./USB_DEVICE/App/usbd_cdc_if.o
 .debug_frame   0x000058dc      0x160 ./USB_DEVICE/App/usbd_desc.o
 .debug_frame   0x00005a3c      0x4a4 ./USB_DEVICE/Target/usbd_conf.o
 .debug_frame   0x00005ee0       0x20 D:/Programs/STM32CubeIDE_1.13.1/STM32CubeIDE/plugins/com.st.stm32cube.ide.mcu.externaltools.gnu-tools-for-stm32.12.3.rel1.win32_1.0.100.202403111256/tools/bin/../lib/gcc/arm-none-eabi/12.3.1/../../../../arm-none-eabi/lib/thumb/v7-m/nofp\libc_nano.a(libc_a-memset.o)
 .debug_frame   0x00005f00       0x2c D:/Programs/STM32CubeIDE_1.13.1/STM32CubeIDE/plugins/com.st.stm32cube.ide.mcu.externaltools.gnu-tools-for-stm32.12.3.rel1.win32_1.0.100.202403111256/tools/bin/../lib/gcc/arm-none-eabi/12.3.1/../../../../arm-none-eabi/lib/thumb/v7-m/nofp\libc_nano.a(libc_a-init.o)

.debug_line_str
                0x00000000       0x7d
 .debug_line_str
                0x00000000       0x7d ./Core/Startup/startup_stm32f103c8tx.o