../Core/Src/main.c:296:6:USBReceive	8	static
../Core/Src/main.c:200:6:HAL_ADC_ConvCpltCallback	32	static
../Core/Src/main.c:251:6:HAL_TIM_PeriodElapsedCallback	20	static
../Core/Src/main.c:288:6:HAL_UART_RxCpltCallback	0	static
../Core/Src/main.c:406:6:decodeData	80	static
../Core/Src/main.c:328:6:decodeProtocol	16	static
../Core/Src/main.c:440:6:encodeData	80	static
../Core/Src/main.c:664:6:SystemClock_Config	88	static,ignoring_inline_asm
../Core/Src/main.c:515:5:main	72	static,ignoring_inline_asm
../Core/Src/main.c:1046:6:Error_Handler	0	static,ignoring_inline_asm
