../Core/Src/main.c:259:6:USBReceive	8	static
../Core/Src/main.c:186:6:HAL_ADC_ConvCpltCallback	8	static
../Core/Src/main.c:214:6:HAL_TIM_PeriodElapsedCallback	20	static
../Core/Src/main.c:251:6:HAL_UART_RxCpltCallback	0	static
../Core/Src/main.c:369:6:decodeData	80	static
../Core/Src/main.c:291:6:decodeProtocol	16	static
../Core/Src/main.c:403:6:encodeData	80	static
../Core/Src/main.c:608:6:SystemClock_Config	88	static,ignoring_inline_asm
../Core/Src/main.c:478:5:main	72	static,ignoring_inline_asm
../Core/Src/main.c:990:6:Error_Handler	0	static,ignoring_inline_asm
