../Core/Src/main.c:177:6:HAL_ADC_ConvCpltCallback	16	static
../Core/Src/main.c:205:6:HAL_TIM_PeriodElapsedCallback	16	static
../Core/Src/main.c:242:6:HAL_UART_RxCpltCallback	16	static
../Core/Src/main.c:250:6:USBReceive	24	static
../Core/Src/main.c:282:6:decodeProtocol	16	static
../Core/Src/main.c:360:6:decodeData	72	static
../Core/Src/main.c:394:6:encodeData	72	static
../Core/Src/main.c:469:5:main	16	static
../Core/Src/main.c:599:6:SystemClock_Config	88	static
../Core/Src/main.c:647:13:MX_ADC1_Init	24	static
../Core/Src/main.c:757:13:MX_I2C2_Init	8	static
../Core/Src/main.c:791:13:MX_TIM1_Init	32	static
../Core/Src/main.c:837:13:MX_TIM4_Init	32	static
../Core/Src/main.c:882:13:MX_USART1_UART_Init	8	static
../Core/Src/main.c:913:13:MX_DMA_Init	16	static
../Core/Src/main.c:931:13:MX_GPIO_Init	40	static
../Core/Src/main.c:981:6:Error_Handler	4	static,ignoring_inline_asm
